183.60.212.148 - - [26/Aug/2014:06:26:39 -0600] "GET /entry/15205 HTTP/1.1" 200 4865 "-" "Mozilla/5.0 (compatible; EasouSpider; +http://www.easou.com/search/spider.html)"
178.255.215.79 - - [26/Aug/2014:06:26:46 -0600] "GET /entry/656 HTTP/1.1" 200 5765 "-" "Mozilla/5.0 (compatible; Exabot/3.0; +http://www.exabot.com/go/robot)"
157.55.39.148 - - [26/Aug/2014:06:26:54 -0600] "GET /entry/5576 HTTP/1.1" 200 5161 "-" "Mozilla/5.0 (compatible; bingbot/2.0; +http://www.bing.com/bingbot.htm)"
66.249.69.193 - - [26/Aug/2014:06:26:55 -0600] "GET /region/870/feeds HTTP/1.1" 200 3337 "-" "Mozilla/5.0 (iPhone; CPU iPhone OS 6_0 like Mac OS X) AppleWebKit/536.26 (KHTML, like Gecko) Version/6.0 Mobile/10A5376e Safari/8536.25 (compatible; Googlebot/2.1; +http://www.google.com/bot.html)"
65.55.219.79 - - [26/Aug/2014:06:26:57 -0600] "GET /robots.txt HTTP/1.1" 301 178 "-" "msnbot-UDiscovery/2.0b (+http://search.msn.com/msnbot.htm)"
65.55.219.79 - - [26/Aug/2014:06:26:57 -0600] "GET /robots.txt HTTP/1.1" 200 151 "-" "msnbot-UDiscovery/2.0b (+http://search.msn.com/msnbot.htm)"
65.55.219.79 - - [26/Aug/2014:06:26:57 -0600] "GET /site/recent.rss HTTP/1.1" 301 178 "-" "msnbot-UDiscovery/2.0b (+http://search.msn.com/msnbot.htm)"
65.55.219.79 - - [26/Aug/2014:06:26:57 -0600] "GET /robots.txt HTTP/1.1" 200 151 "-" "msnbot-UDiscovery/2.0b (+http://search.msn.com/msnbot.htm)"
65.55.219.79 - - [26/Aug/2014:06:26:58 -0600] "GET /site/recent.rss HTTP/1.1" 200 20227 "-" "msnbot-UDiscovery/2.0b (+http://search.msn.com/msnbot.htm)"
37.58.100.142 - - [26/Aug/2014:06:27:08 -0600] "GET /entry/near/0%2C0/filter?unit=mile;distance=25;sort_order=ASC;page=;order_by=distance;address=34034;limit= HTTP/1.1" 200 6192 "-" "Mozilla/5.0 (compatible; AhrefsBot/5.0; +http://ahrefs.com/robot/)"
194.0.59.52 - - [26/Aug/2014:06:27:08 -0600] "GET /site/recent.rss HTTP/1.1" 200 20227 "-" "Bloglovin/1.0 (http://www.bloglovin.com; 1 subscribers)"
68.180.225.35 - - [26/Aug/2014:06:27:10 -0600] "GET /entry/1817 HTTP/1.1" 200 4648 "-" "Mozilla/5.0 (compatible; Yahoo! Slurp; http://help.yahoo.com/help/us/ysearch/slurp)"
174.36.228.156 - - [26/Aug/2014:06:27:10 -0600] "GET / HTTP/1.1" 200 4334 "-" "Mozilla/5.0 (X11; U; Linux x86_64; en-US; rv:1.9.0.19; aggregator:Spinn3r (Spinn3r 3.1); http://spinn3r.com/robot) Gecko/2010040121 Firefox/3.0.19"
66.249.69.161 - - [26/Aug/2014:06:27:11 -0600] "GET /entry-images/12465/12465-5223-small.jpg HTTP/1.1" 200 39104 "-" "Googlebot-Image/1.0"
123.125.71.114 - - [26/Aug/2014:06:27:19 -0600] "GET /entry/121 HTTP/1.1" 200 5599 "-" "Mozilla/5.0 (compatible; Baiduspider/2.0; +http://www.baidu.com/search/spider.html)"
207.46.13.94 - - [26/Aug/2014:06:27:27 -0600] "GET /entry/4869 HTTP/1.1" 200 4488 "-" "Mozilla/5.0 (compatible; bingbot/2.0; +http://www.bing.com/bingbot.htm)"
184.78.216.17 - - [26/Aug/2014:06:27:30 -0600] "GET /site/recent.atom HTTP/1.1" 200 20526 "-" "Apple-PubSub/65.28"
66.249.69.161 - - [26/Aug/2014:06:27:37 -0600] "GET /region/2758/filter/veg_level=2;category_id=1 HTTP/1.1" 200 4137 "-" "Mozilla/5.0 (compatible; Googlebot/2.1; +http://www.google.com/bot.html)"
37.58.100.142 - - [26/Aug/2014:06:27:42 -0600] "GET /region/614/recent.atom HTTP/1.1" 200 15912 "-" "Mozilla/5.0 (compatible; AhrefsBot/5.0; +http://ahrefs.com/robot/)"
207.46.13.94 - - [26/Aug/2014:06:27:54 -0600] "GET /entry/4094/reviews HTTP/1.1" 200 4169 "-" "Mozilla/5.0 (compatible; bingbot/2.0; +http://www.bing.com/bingbot.htm)"
68.180.225.35 - - [26/Aug/2014:06:27:55 -0600] "GET /region/97/filter?sort_order=ASC;page=1;order_by=name;limit=20 HTTP/1.1" 200 10728 "-" "Mozilla/5.0 (compatible; Yahoo! Slurp; http://help.yahoo.com/help/us/ysearch/slurp)"
183.60.212.148 - - [26/Aug/2014:06:28:15 -0600] "GET /user/9989 HTTP/1.1" 200 3259 "-" "Mozilla/5.0 (compatible; EasouSpider; +http://www.easou.com/search/spider.html)"
183.60.213.53 - - [26/Aug/2014:06:28:23 -0600] "GET /region/119/filter?sort_order=ASC;page=2;order_by=name;limit=20 HTTP/1.1" 200 8418 "-" "Mozilla/5.0 (compatible; EasouSpider; +http://www.easou.com/search/spider.html)"
207.46.13.94 - - [26/Aug/2014:06:28:24 -0600] "GET /7b0744/css/vegguide-combined.css HTTP/1.1" 200 20810 "-" "Mozilla/5.0 (compatible; bingbot/2.0; +http://www.bing.com/bingbot.htm)"
37.58.100.142 - - [26/Aug/2014:06:28:29 -0600] "GET /entry/near/39.3599%2C-110.945/map/veg_level=2?unit=mile;distance=20;address=84501 HTTP/1.1" 200 3365 "-" "Mozilla/5.0 (compatible; AhrefsBot/5.0; +http://ahrefs.com/robot/)"
37.58.100.142 - - [26/Aug/2014:06:28:36 -0600] "GET /entry/near/28.5207%2C-99.8885/filter/veg_level=2?unit=mile;distance=1;sort_order=DESC;page=1;order_by=rating;address=78834;limit=20 HTTP/1.1" 200 6314 "-" "Mozilla/5.0 (compatible; AhrefsBot/5.0; +http://ahrefs.com/robot/)"
68.180.225.35 - - [26/Aug/2014:06:28:43 -0600] "GET /region/13/map HTTP/1.1" 200 68816 "-" "Mozilla/5.0 (compatible; Yahoo! Slurp; http://help.yahoo.com/help/us/ysearch/slurp)"
66.249.69.193 - - [26/Aug/2014:06:28:46 -0600] "GET /entry/2160 HTTP/1.1" 200 5910 "-" "Mozilla/5.0 (compatible; Googlebot/2.1; +http://www.google.com/bot.html)"
37.58.100.142 - - [26/Aug/2014:06:28:46 -0600] "GET /user/12220 HTTP/1.1" 200 3039 "-" "Mozilla/5.0 (compatible; AhrefsBot/5.0; +http://ahrefs.com/robot/)"
207.46.13.94 - - [26/Aug/2014:06:28:53 -0600] "GET /entry/17110 HTTP/1.1" 200 4520 "-" "Mozilla/5.0 (compatible; bingbot/2.0; +http://www.bing.com/bingbot.htm)"
87.253.132.201 - - [26/Aug/2014:06:28:57 -0600] "HEAD /region/60.rss HTTP/1.1" 200 0 "-" "Owlin Bot v. 3.0"
37.59.15.20 - - [26/Aug/2014:06:29:02 -0600] "GET /entry/3758 HTTP/1.1" 200 13993 "-" "Mozilla/5.0 (X11; U; Linux i686; en-US; rv:1.9.0.3) Gecko/2008092416 Firefox/3.0.3"
131.253.24.96 - - [26/Aug/2014:06:29:07 -0600] "GET /entry/19028 HTTP/1.1" 200 4339 "-" "Mozilla/5.0 (compatible; MSIE 9.0; Windows NT 6.1; Trident/5.0;  Trident/5.0)"
66.249.69.177 - - [26/Aug/2014:06:29:08 -0600] "GET /region/116/recent.rss HTTP/1.1" 200 15981 "-" "Mozilla/5.0 (compatible; Googlebot/2.1; +http://www.google.com/bot.html)"
199.21.99.207 - - [26/Aug/2014:06:29:09 -0600] "GET /61db66/images/map-icons/restaurant3.png HTTP/1.1" 200 846 "-" "Mozilla/5.0 (compatible; YandexImages/3.0; +http://yandex.com/bots)"
37.58.100.142 - - [26/Aug/2014:06:29:17 -0600] "GET /entry/10920 HTTP/1.1" 200 4408 "-" "Mozilla/5.0 (compatible; AhrefsBot/5.0; +http://ahrefs.com/robot/)"
66.249.69.193 - - [26/Aug/2014:06:29:21 -0600] "GET /entry-images/3173/3173-1611-small.jpg HTTP/1.1" 200 12826 "-" "Googlebot-Image/1.0"
157.55.39.237 - - [26/Aug/2014:06:29:24 -0600] "GET /entry/18567 HTTP/1.1" 200 4580 "-" "Mozilla/5.0 (compatible; bingbot/2.0; +http://www.bing.com/bingbot.htm)"
68.180.225.35 - - [26/Aug/2014:06:29:26 -0600] "GET /region/280/recent.rss HTTP/1.1" 200 16617 "-" "Mozilla/5.0 (compatible; Yahoo! Slurp; http://help.yahoo.com/help/us/ysearch/slurp)"
23.239.8.38 - - [26/Aug/2014:06:29:31 -0600] "GET / HTTP/1.1" 301 178 "-" "check_http/v1.4.15 (nagios-plugins 1.4.15)"
23.239.8.38 - - [26/Aug/2014:06:29:31 -0600] "GET / HTTP/1.1" 200 10098 "-" "check_http/v1.4.15 (nagios-plugins 1.4.15)"
198.204.244.179 - - [26/Aug/2014:06:29:31 -0600] "GET /region/107.rss HTTP/1.1" 200 910272 "-" "Opera/9.80 (Windows NT 6.2; Win64; x64) Presto/2.12.388 Version/12.16"
37.58.100.142 - - [26/Aug/2014:06:29:36 -0600] "GET /entry/near/38.9651%2C-89.1127/filter?unit=mile;distance=25;sort_order=ASC;page=;order_by=distance;address=62471;limit= HTTP/1.1" 200 6705 "-" "Mozilla/5.0 (compatible; AhrefsBot/5.0; +http://ahrefs.com/robot/)"
173.252.74.115 - - [26/Aug/2014:06:29:49 -0600] "GET /entry-images/4372/4372-2495-small.jpg HTTP/1.1" 206 12915 "-" "facebookexternalhit/1.1 (+http://www.facebook.com/externalhit_uatext.php)"
157.55.39.237 - - [26/Aug/2014:06:29:54 -0600] "GET /entry/730 HTTP/1.1" 200 5798 "-" "Mozilla/5.0 (compatible; bingbot/2.0; +http://www.bing.com/bingbot.htm)"
66.249.69.177 - - [26/Aug/2014:06:29:54 -0600] "GET /region/2770/filter/veg_level=2;category_id=1 HTTP/1.1" 200 3789 "-" "Mozilla/5.0 (compatible; Googlebot/2.1; +http://www.google.com/bot.html)"
74.6.254.104 - - [26/Aug/2014:06:29:59 -0600] "GET /region/37/recent.rss HTTP/1.1" 200 21358 "-" "Mozilla/5.0 (compatible; Yahoo! Slurp; http://help.yahoo.com/help/us/ysearch/slurp)"
37.58.100.142 - - [26/Aug/2014:06:30:05 -0600] "GET /entry/18216 HTTP/1.1" 200 4764 "-" "Mozilla/5.0 (compatible; AhrefsBot/5.0; +http://ahrefs.com/robot/)"
37.58.100.142 - - [26/Aug/2014:06:30:07 -0600] "GET /entry/14991 HTTP/1.1" 200 4875 "-" "Mozilla/5.0 (compatible; AhrefsBot/5.0; +http://ahrefs.com/robot/)"
68.180.225.35 - - [26/Aug/2014:06:30:10 -0600] "GET /entry/95 HTTP/1.1" 200 6725 "-" "Mozilla/5.0 (compatible; Yahoo! Slurp; http://help.yahoo.com/help/us/ysearch/slurp)"
37.58.100.142 - - [26/Aug/2014:06:30:20 -0600] "GET /entry/near/40.6522%2C-119.355/filter/category_id=1?unit=mile;distance=5;sort_order=ASC;page=1;order_by=distance;address=89412;limit=20 HTTP/1.1" 200 6316 "-" "Mozilla/5.0 (compatible; AhrefsBot/5.0; +http://ahrefs.com/robot/)"
207.46.13.94 - - [26/Aug/2014:06:30:23 -0600] "GET /entry/20250/edit_form HTTP/1.1" 302 338 "-" "Mozilla/5.0 (compatible; bingbot/2.0; +http://www.bing.com/bingbot.htm)"
37.58.100.142 - - [26/Aug/2014:06:30:50 -0600] "GET /entry/near/31.6887%2C-98.9677/filter?unit=mile;distance=25;sort_order=ASC;page=;order_by=distance;address=76801;limit= HTTP/1.1" 200 6213 "-" "Mozilla/5.0 (compatible; AhrefsBot/5.0; +http://ahrefs.com/robot/)"
131.253.24.55 - - [26/Aug/2014:06:30:53 -0600] "GET /entry/13277 HTTP/1.1" 200 5196 "-" "Mozilla/5.0 (compatible; MSIE 9.0; Windows NT 6.0; Trident/5.0;  Trident/5.0)"
207.46.13.94 - - [26/Aug/2014:06:30:53 -0600] "GET /entry/19769 HTTP/1.1" 200 4312 "-" "Mozilla/5.0 (compatible; bingbot/2.0; +http://www.bing.com/bingbot.htm)"
131.253.24.55 - - [26/Aug/2014:06:30:54 -0600] "GET /7b0744/css/vegguide-combined.css HTTP/1.1" 200 20810 "-" "Mozilla/5.0 (compatible; MSIE 9.0; Windows NT 6.0; Trident/5.0;  Trident/5.0)"
131.253.24.55 - - [26/Aug/2014:06:30:55 -0600] "GET /7b0744/js/vegguide-combined.js HTTP/1.1" 200 94167 "-" "Mozilla/5.0 (compatible; MSIE 9.0; Windows NT 6.0; Trident/5.0;  Trident/5.0)"
68.180.225.35 - - [26/Aug/2014:06:30:55 -0600] "GET /entry/16623 HTTP/1.1" 200 4827 "-" "Mozilla/5.0 (compatible; Yahoo! Slurp; http://help.yahoo.com/help/us/ysearch/slurp)"
62.210.122.209 - - [26/Aug/2014:06:31:01 -0600] "GET /region/35.rss HTTP/1.1" 200 1123880 "-" "Mozilla/4.0 (compatible; MSIE 6.0; Windows NT 5.1; SV1)"
66.249.69.161 - - [26/Aug/2014:06:31:03 -0600] "GET /entry/6427/reviews HTTP/1.1" 200 3560 "-" "Mozilla/5.0 (compatible; Googlebot/2.1; +http://www.google.com/bot.html)"
199.30.27.2 - - [26/Aug/2014:06:31:07 -0600] "GET /robots.txt HTTP/1.1" 200 151 "-" "msnbot-UDiscovery/2.0b (+http://search.msn.com/msnbot.htm)"
199.30.27.2 - - [26/Aug/2014:06:31:07 -0600] "GET /site/recent.rss?entries_only=1 HTTP/1.1" 200 8228 "-" "msnbot-UDiscovery/2.0b (+http://search.msn.com/msnbot.htm)"
183.60.214.53 - - [26/Aug/2014:06:31:08 -0600] "GET /region/284/comment_form HTTP/1.1" 302 338 "-" "Mozilla/5.0 (compatible; EasouSpider; +http://www.easou.com/search/spider.html)"
207.46.13.94 - - [26/Aug/2014:06:31:23 -0600] "GET /entry/12997 HTTP/1.1" 200 4736 "-" "Mozilla/5.0 (compatible; bingbot/2.0; +http://www.bing.com/bingbot.htm)"
68.180.225.35 - - [26/Aug/2014:06:31:40 -0600] "GET /region/616/filter/veg_level=2 HTTP/1.1" 200 9216 "-" "Mozilla/5.0 (compatible; Yahoo! Slurp; http://help.yahoo.com/help/us/ysearch/slurp)"
183.60.213.53 - - [26/Aug/2014:06:31:46 -0600] "GET /user/379 HTTP/1.1" 200 3549 "-" "Mozilla/5.0 (compatible; EasouSpider; +http://www.easou.com/search/spider.html)"
199.30.80.104 - - [26/Aug/2014:06:31:53 -0600] "GET /location/view.html?location_id=174&new_query=1 HTTP/1.1" 301 178 "-" "Mozilla/5.0 (Windows NT 6.1; rv:12.0; StumbleUpon; noc@stumbleupon.com) Gecko/20100101 Firefox/12.0"
199.30.80.104 - - [26/Aug/2014:06:31:53 -0600] "GET /region/174 HTTP/1.1" 200 5666 "-" "Mozilla/5.0 (Windows NT 6.1; rv:12.0; StumbleUpon; noc@stumbleupon.com) Gecko/20100101 Firefox/12.0"
193.202.255.201 - - [26/Aug/2014:06:31:53 -0600] "GET /entry/14769 HTTP/1.1" 200 11696 "-" "Mozilla/5.0 (compatible; MSIE 9.0; Windows NT 6.1; WOW64; Trident/5.0)"
207.46.13.94 - - [26/Aug/2014:06:31:54 -0600] "GET /region/642/filter/veg_level=2 HTTP/1.1" 200 8169 "-" "Mozilla/5.0 (compatible; bingbot/2.0; +http://www.bing.com/bingbot.htm)"
193.202.255.201 - - [26/Aug/2014:06:31:54 -0600] "GET /images/caa-logo.png HTTP/1.1" 200 10681 "-" "Mozilla/5.0 (compatible; MSIE 9.0; Windows NT 6.1; WOW64; Trident/5.0)"
193.202.255.201 - - [26/Aug/2014:06:31:54 -0600] "GET /images/vegguide-logo.png HTTP/1.1" 200 20540 "-" "Mozilla/5.0 (compatible; MSIE 9.0; Windows NT 6.1; WOW64; Trident/5.0)"
193.202.255.201 - - [26/Aug/2014:06:31:54 -0600] "GET /images/close-button.png HTTP/1.1" 200 693 "-" "Mozilla/5.0 (compatible; MSIE 9.0; Windows NT 6.1; WOW64; Trident/5.0)"
193.202.255.201 - - [26/Aug/2014:06:31:54 -0600] "GET /7b0744/css/vegguide-combined.css HTTP/1.1" 200 20810 "-" "Mozilla/5.0 (compatible; MSIE 9.0; Windows NT 6.1; WOW64; Trident/5.0)"
193.202.255.201 - - [26/Aug/2014:06:31:54 -0600] "GET /7b0744/images/ratings/green-0-00.png HTTP/1.1" 200 791 "-" "Mozilla/5.0 (compatible; MSIE 9.0; Windows NT 6.1; WOW64; Trident/5.0)"
193.202.255.201 - - [26/Aug/2014:06:31:54 -0600] "GET /images/upload-an-image.png HTTP/1.1" 200 7026 "-" "Mozilla/5.0 (compatible; MSIE 9.0; Windows NT 6.1; WOW64; Trident/5.0)"
193.202.255.201 - - [26/Aug/2014:06:31:54 -0600] "GET /images/fs-logo.png HTTP/1.1" 200 10293 "-" "Mozilla/5.0 (compatible; MSIE 9.0; Windows NT 6.1; WOW64; Trident/5.0)"
193.202.255.201 - - [26/Aug/2014:06:31:54 -0600] "GET /images/peta-logo.jpg HTTP/1.1" 200 14774 "-" "Mozilla/5.0 (compatible; MSIE 9.0; Windows NT 6.1; WOW64; Trident/5.0)"
193.202.255.201 - - [26/Aug/2014:06:31:54 -0600] "GET /images/cok-logo.png HTTP/1.1" 200 8577 "-" "Mozilla/5.0 (compatible; MSIE 9.0; Windows NT 6.1; WOW64; Trident/5.0)"
193.202.255.201 - - [26/Aug/2014:06:31:54 -0600] "GET /images/thl-logo.png HTTP/1.1" 200 2925 "-" "Mozilla/5.0 (compatible; MSIE 9.0; Windows NT 6.1; WOW64; Trident/5.0)"
193.202.255.201 - - [26/Aug/2014:06:31:54 -0600] "GET /images/vo-logo.gif HTTP/1.1" 200 1553 "-" "Mozilla/5.0 (compatible; MSIE 9.0; Windows NT 6.1; WOW64; Trident/5.0)"
193.202.255.201 - - [26/Aug/2014:06:31:55 -0600] "GET /7b0744/js/vegguide-combined.js HTTP/1.1" 200 94167 "-" "Mozilla/5.0 (compatible; MSIE 9.0; Windows NT 6.1; WOW64; Trident/5.0)"
193.202.255.201 - - [26/Aug/2014:06:31:55 -0600] "GET /images/transparent.gif HTTP/1.1" 200 49 "-" "Mozilla/5.0 (compatible; MSIE 9.0; Windows NT 6.1; WOW64; Trident/5.0)"
193.202.255.201 - - [26/Aug/2014:06:31:55 -0600] "GET /images/loader.gif HTTP/1.1" 200 3208 "-" "Mozilla/5.0 (compatible; MSIE 9.0; Windows NT 6.1; WOW64; Trident/5.0)"
193.202.255.201 - - [26/Aug/2014:06:31:55 -0600] "GET /images/red-bullet.png HTTP/1.1" 200 231 "-" "Mozilla/5.0 (compatible; MSIE 9.0; Windows NT 6.1; WOW64; Trident/5.0)"
193.202.255.201 - - [26/Aug/2014:06:31:55 -0600] "GET /images/ratings/blue-1-00.png HTTP/1.1" 200 1037 "-" "Mozilla/5.0 (compatible; MSIE 9.0; Windows NT 6.1; WOW64; Trident/5.0)"
193.202.255.201 - - [26/Aug/2014:06:31:55 -0600] "GET /images/ratings/blue-2-00.png HTTP/1.1" 200 1375 "-" "Mozilla/5.0 (compatible; MSIE 9.0; Windows NT 6.1; WOW64; Trident/5.0)"
193.202.255.201 - - [26/Aug/2014:06:31:55 -0600] "GET /images/ratings/blue-3-00.png HTTP/1.1" 200 1416 "-" "Mozilla/5.0 (compatible; MSIE 9.0; Windows NT 6.1; WOW64; Trident/5.0)"
193.202.255.201 - - [26/Aug/2014:06:31:55 -0600] "GET /images/ratings/blue-5-00.png HTTP/1.1" 200 1198 "-" "Mozilla/5.0 (compatible; MSIE 9.0; Windows NT 6.1; WOW64; Trident/5.0)"
193.202.255.201 - - [26/Aug/2014:06:31:55 -0600] "GET /images/ratings/blue-4-00.png HTTP/1.1" 200 1375 "-" "Mozilla/5.0 (compatible; MSIE 9.0; Windows NT 6.1; WOW64; Trident/5.0)"
193.202.255.201 - - [26/Aug/2014:06:31:56 -0600] "GET /images/favicon.ico HTTP/1.1" 200 1022 "-" "Mozilla/5.0 (compatible; MSIE 9.0; Windows NT 6.1; WOW64; Trident/5.0)"
183.60.212.148 - - [26/Aug/2014:06:31:57 -0600] "GET /user/958 HTTP/1.1" 200 3266 "-" "Mozilla/5.0 (compatible; EasouSpider; +http://www.easou.com/search/spider.html)"
183.60.213.53 - - [26/Aug/2014:06:32:04 -0600] "GET /region/565/feeds HTTP/1.1" 200 3339 "-" "Mozilla/5.0 (compatible; EasouSpider; +http://www.easou.com/search/spider.html)"
66.249.69.161 - - [26/Aug/2014:06:32:12 -0600] "GET /entry/3464/reviews HTTP/1.1" 200 3105 "-" "Mozilla/5.0 (compatible; Googlebot/2.1; +http://www.google.com/bot.html)"
157.55.39.70 - - [26/Aug/2014:06:32:24 -0600] "GET / HTTP/1.1" 200 3915 "-" "Mozilla/5.0 (compatible; bingbot/2.0; +http://www.bing.com/bingbot.htm)"
68.180.225.35 - - [26/Aug/2014:06:32:30 -0600] "GET /region/7/filter?sort_order=DESC;page=2;order_by=rating;limit=20 HTTP/1.1" 200 9266 "-" "Mozilla/5.0 (compatible; Yahoo! Slurp; http://help.yahoo.com/help/us/ysearch/slurp)"
37.58.100.142 - - [26/Aug/2014:06:32:39 -0600] "GET /entry/near/41.9902%2C-117.712/filter?unit=mile;distance=25;sort_order=ASC;page=;order_by=distance;address=89421;limit= HTTP/1.1" 200 6212 "-" "Mozilla/5.0 (compatible; AhrefsBot/5.0; +http://ahrefs.com/robot/)"
157.55.39.71 - - [26/Aug/2014:06:32:54 -0600] "GET /entry/18705 HTTP/1.1" 200 4846 "-" "Mozilla/5.0 (compatible; bingbot/2.0; +http://www.bing.com/bingbot.htm)"
199.30.24.120 - - [26/Aug/2014:06:33:01 -0600] "GET /region/2841/map HTTP/1.1" 200 4215 "-" "Mozilla/5.0 (Windows NT 6.1; WOW64) AppleWebKit/534+ (KHTML, like Gecko) BingPreview/1.0b"
199.30.24.120 - - [26/Aug/2014:06:33:02 -0600] "GET /images/close-button.png HTTP/1.1" 200 693 "-" "Mozilla/5.0 (Windows NT 6.1; WOW64) AppleWebKit/534+ (KHTML, like Gecko) BingPreview/1.0b"
199.30.24.120 - - [26/Aug/2014:06:33:02 -0600] "GET /7b0744/images/map-icons/restaurant3.png HTTP/1.1" 200 846 "-" "Mozilla/5.0 (Windows NT 6.1; WOW64) AppleWebKit/534+ (KHTML, like Gecko) BingPreview/1.0b"
199.30.24.120 - - [26/Aug/2014:06:33:02 -0600] "GET /7b0744/images/map-icons/restaurant5.png HTTP/1.1" 200 826 "-" "Mozilla/5.0 (Windows NT 6.1; WOW64) AppleWebKit/534+ (KHTML, like Gecko) BingPreview/1.0b"
199.30.24.120 - - [26/Aug/2014:06:33:04 -0600] "GET /7b0744/images/map-icons/restaurant2.png HTTP/1.1" 200 833 "-" "Mozilla/5.0 (Windows NT 6.1; WOW64) AppleWebKit/534+ (KHTML, like Gecko) BingPreview/1.0b"
199.30.24.120 - - [26/Aug/2014:06:33:04 -0600] "GET /7b0744/images/map-icons/restaurant1.png HTTP/1.1" 200 837 "-" "Mozilla/5.0 (Windows NT 6.1; WOW64) AppleWebKit/534+ (KHTML, like Gecko) BingPreview/1.0b"
199.30.24.120 - - [26/Aug/2014:06:33:04 -0600] "GET /7b0744/images/map-icons/restaurant.png HTTP/1.1" 200 1071 "-" "Mozilla/5.0 (Windows NT 6.1; WOW64) AppleWebKit/534+ (KHTML, like Gecko) BingPreview/1.0b"
199.30.24.120 - - [26/Aug/2014:06:33:05 -0600] "GET /7b0744/images/map-icons/grocery.png HTTP/1.1" 200 1100 "-" "Mozilla/5.0 (Windows NT 6.1; WOW64) AppleWebKit/534+ (KHTML, like Gecko) BingPreview/1.0b"
199.30.24.120 - - [26/Aug/2014:06:33:05 -0600] "GET /7b0744/images/map-icons/catering.png HTTP/1.1" 200 1094 "-" "Mozilla/5.0 (Windows NT 6.1; WOW64) AppleWebKit/534+ (KHTML, like Gecko) BingPreview/1.0b"
199.30.24.120 - - [26/Aug/2014:06:33:05 -0600] "GET /7b0744/images/map-icons/organization.png HTTP/1.1" 200 1224 "-" "Mozilla/5.0 (Windows NT 6.1; WOW64) AppleWebKit/534+ (KHTML, like Gecko) BingPreview/1.0b"
199.30.24.120 - - [26/Aug/2014:06:33:05 -0600] "GET /7b0744/images/map-icons/coffee.png HTTP/1.1" 200 973 "-" "Mozilla/5.0 (Windows NT 6.1; WOW64) AppleWebKit/534+ (KHTML, like Gecko) BingPreview/1.0b"
199.30.24.120 - - [26/Aug/2014:06:33:06 -0600] "GET /7b0744/images/map-icons/food_court.png HTTP/1.1" 200 1425 "-" "Mozilla/5.0 (Windows NT 6.1; WOW64) AppleWebKit/534+ (KHTML, like Gecko) BingPreview/1.0b"
199.30.24.120 - - [26/Aug/2014:06:33:06 -0600] "GET /7b0744/images/map-icons/general_store.png HTTP/1.1" 200 891 "-" "Mozilla/5.0 (Windows NT 6.1; WOW64) AppleWebKit/534+ (KHTML, like Gecko) BingPreview/1.0b"
199.30.24.120 - - [26/Aug/2014:06:33:06 -0600] "GET /7b0744/images/map-icons/bar.png HTTP/1.1" 200 1143 "-" "Mozilla/5.0 (Windows NT 6.1; WOW64) AppleWebKit/534+ (KHTML, like Gecko) BingPreview/1.0b"
199.30.24.120 - - [26/Aug/2014:06:33:09 -0600] "GET /7b0744/images/map-icons/other.png HTTP/1.1" 200 1663 "-" "Mozilla/5.0 (Windows NT 6.1; WOW64) AppleWebKit/534+ (KHTML, like Gecko) BingPreview/1.0b"
199.30.24.120 - - [26/Aug/2014:06:33:09 -0600] "GET /7b0744/images/map-icons/lodging.png HTTP/1.1" 200 1255 "-" "Mozilla/5.0 (Windows NT 6.1; WOW64) AppleWebKit/534+ (KHTML, like Gecko) BingPreview/1.0b"
199.30.24.120 - - [26/Aug/2014:06:33:14 -0600] "GET /images/thl-logo.png HTTP/1.1" 200 2925 "-" "Mozilla/5.0 (Windows NT 6.1; WOW64) AppleWebKit/534+ (KHTML, like Gecko) BingPreview/1.0b"
199.30.24.120 - - [26/Aug/2014:06:33:15 -0600] "GET /images/cok-logo.png HTTP/1.1" 200 8577 "-" "Mozilla/5.0 (Windows NT 6.1; WOW64) AppleWebKit/534+ (KHTML, like Gecko) BingPreview/1.0b"
68.180.225.35 - - [26/Aug/2014:06:33:15 -0600] "GET /entry/near/45.3672%2C-122.65/filter?unit=mile;distance=25;sort_order=ASC;page=;order_by=distance;address=97068;limit= HTTP/1.1" 200 9059 "-" "Mozilla/5.0 (compatible; Yahoo! Slurp; http://help.yahoo.com/help/us/ysearch/slurp)"
199.30.24.120 - - [26/Aug/2014:06:33:17 -0600] "GET /images/fs-logo.png HTTP/1.1" 200 10293 "-" "Mozilla/5.0 (Windows NT 6.1; WOW64) AppleWebKit/534+ (KHTML, like Gecko) BingPreview/1.0b"
199.30.24.120 - - [26/Aug/2014:06:33:17 -0600] "GET /images/vo-logo.gif HTTP/1.1" 200 1553 "-" "Mozilla/5.0 (Windows NT 6.1; WOW64) AppleWebKit/534+ (KHTML, like Gecko) BingPreview/1.0b"
66.249.69.193 - - [26/Aug/2014:06:33:21 -0600] "GET /entry/8198/map HTTP/1.1" 200 3556 "-" "Mozilla/5.0 (compatible; Googlebot/2.1; +http://www.google.com/bot.html)"
207.46.13.94 - - [26/Aug/2014:06:33:24 -0600] "GET /region/1 HTTP/1.1" 200 3128 "-" "Mozilla/5.0 (compatible; bingbot/2.0; +http://www.bing.com/bingbot.htm)"
207.46.13.94 - - [26/Aug/2014:06:33:54 -0600] "GET /entry/17284 HTTP/1.1" 200 4410 "-" "Mozilla/5.0 (compatible; bingbot/2.0; +http://www.bing.com/bingbot.htm)"
50.56.228.100 - - [26/Aug/2014:06:33:56 -0600] "GET /region/218 HTTP/1.1" 200 48972 "-" "Mozilla/5.0 (Windows NT 6.3; WOW64; rv:29.0) Gecko/20100101 Firefox/29.0"
50.56.228.100 - - [26/Aug/2014:06:33:56 -0600] "GET /7b0744/css/vegguide-combined.css HTTP/1.1" 200 20810 "-" "Mozilla/5.0 (Windows NT 6.3; WOW64; rv:29.0) Gecko/20100101 Firefox/29.0"
50.56.228.100 - - [26/Aug/2014:06:33:56 -0600] "GET /images/favicon.ico HTTP/1.1" 200 1022 "-" "Mozilla/5.0 (Windows NT 6.3; WOW64; rv:29.0) Gecko/20100101 Firefox/29.0"
50.56.228.100 - - [26/Aug/2014:06:33:57 -0600] "GET /7b0744/js/vegguide-combined.js HTTP/1.1" 200 94167 "-" "Mozilla/5.0 (Windows NT 6.3; WOW64; rv:29.0) Gecko/20100101 Firefox/29.0"
50.56.228.100 - - [26/Aug/2014:06:33:57 -0600] "GET /7b0744/images/sort-none.gif HTTP/1.1" 200 79 "-" "Mozilla/5.0 (Windows NT 6.3; WOW64; rv:29.0) Gecko/20100101 Firefox/29.0"
50.56.228.100 - - [26/Aug/2014:06:33:57 -0600] "GET /images/vegguide-logo.png HTTP/1.1" 200 20540 "-" "Mozilla/5.0 (Windows NT 6.3; WOW64; rv:29.0) Gecko/20100101 Firefox/29.0"
50.56.228.100 - - [26/Aug/2014:06:33:57 -0600] "GET /7b0744/images/ratings/green-4-50.png HTTP/1.1" 200 878 "-" "Mozilla/5.0 (Windows NT 6.3; WOW64; rv:29.0) Gecko/20100101 Firefox/29.0"
50.56.228.100 - - [26/Aug/2014:06:33:57 -0600] "GET /7b0744/images/ratings/green-0-00.png HTTP/1.1" 200 791 "-" "Mozilla/5.0 (Windows NT 6.3; WOW64; rv:29.0) Gecko/20100101 Firefox/29.0"
50.56.228.100 - - [26/Aug/2014:06:33:57 -0600] "GET /7b0744/images/ratings/green-4-25.png HTTP/1.1" 200 896 "-" "Mozilla/5.0 (Windows NT 6.3; WOW64; rv:29.0) Gecko/20100101 Firefox/29.0"
50.56.228.100 - - [26/Aug/2014:06:33:57 -0600] "GET /images/close-button.png HTTP/1.1" 200 693 "-" "Mozilla/5.0 (Windows NT 6.3; WOW64; rv:29.0) Gecko/20100101 Firefox/29.0"
50.56.228.100 - - [26/Aug/2014:06:33:57 -0600] "GET /7b0744/images/sort-up.gif HTTP/1.1" 200 84 "-" "Mozilla/5.0 (Windows NT 6.3; WOW64; rv:29.0) Gecko/20100101 Firefox/29.0"
50.56.228.100 - - [26/Aug/2014:06:33:57 -0600] "GET /7b0744/images/ratings/green-3-75.png HTTP/1.1" 200 1263 "-" "Mozilla/5.0 (Windows NT 6.3; WOW64; rv:29.0) Gecko/20100101 Firefox/29.0"
50.56.228.100 - - [26/Aug/2014:06:33:57 -0600] "GET /images/thl-logo.png HTTP/1.1" 200 2925 "-" "Mozilla/5.0 (Windows NT 6.3; WOW64; rv:29.0) Gecko/20100101 Firefox/29.0"
50.56.228.100 - - [26/Aug/2014:06:33:57 -0600] "GET /images/cok-logo.png HTTP/1.1" 200 8577 "-" "Mozilla/5.0 (Windows NT 6.3; WOW64; rv:29.0) Gecko/20100101 Firefox/29.0"
50.56.228.100 - - [26/Aug/2014:06:33:57 -0600] "GET /images/peta-logo.jpg HTTP/1.1" 200 14774 "-" "Mozilla/5.0 (Windows NT 6.3; WOW64; rv:29.0) Gecko/20100101 Firefox/29.0"
50.56.228.100 - - [26/Aug/2014:06:33:57 -0600] "GET /7b0744/images/ratings/green-4-00.png HTTP/1.1" 200 1221 "-" "Mozilla/5.0 (Windows NT 6.3; WOW64; rv:29.0) Gecko/20100101 Firefox/29.0"
50.56.228.100 - - [26/Aug/2014:06:33:57 -0600] "GET /7b0744/images/ratings/green-3-25.png HTTP/1.1" 200 1320 "-" "Mozilla/5.0 (Windows NT 6.3; WOW64; rv:29.0) Gecko/20100101 Firefox/29.0"
50.56.228.100 - - [26/Aug/2014:06:33:57 -0600] "GET /images/caa-logo.png HTTP/1.1" 200 10681 "-" "Mozilla/5.0 (Windows NT 6.3; WOW64; rv:29.0) Gecko/20100101 Firefox/29.0"
50.56.228.100 - - [26/Aug/2014:06:33:58 -0600] "GET /images/fs-logo.png HTTP/1.1" 200 10293 "-" "Mozilla/5.0 (Windows NT 6.3; WOW64; rv:29.0) Gecko/20100101 Firefox/29.0"
50.56.228.100 - - [26/Aug/2014:06:33:58 -0600] "GET /images/transparent.gif HTTP/1.1" 200 49 "-" "Mozilla/5.0 (Windows NT 6.3; WOW64; rv:29.0) Gecko/20100101 Firefox/29.0"
50.56.228.100 - - [26/Aug/2014:06:33:58 -0600] "GET /images/loader.gif HTTP/1.1" 200 3208 "-" "Mozilla/5.0 (Windows NT 6.3; WOW64; rv:29.0) Gecko/20100101 Firefox/29.0"
50.56.228.100 - - [26/Aug/2014:06:33:58 -0600] "GET /images/vo-logo.gif HTTP/1.1" 200 1553 "-" "Mozilla/5.0 (Windows NT 6.3; WOW64; rv:29.0) Gecko/20100101 Firefox/29.0"
68.180.225.35 - - [26/Aug/2014:06:34:00 -0600] "GET /entry/18217 HTTP/1.1" 200 5841 "-" "Mozilla/5.0 (compatible; Yahoo! Slurp; http://help.yahoo.com/help/us/ysearch/slurp)"
24.29.247.79 - - [26/Aug/2014:06:34:12 -0600] "GET /entry/5023 HTTP/1.1" 200 4338 "-" "Mozilla/5.0 (compatible; MSIE 10.0; Windows NT 6.2; WOW64; Trident/6.0)"
24.29.247.79 - - [26/Aug/2014:06:34:13 -0600] "GET /7b0744/images/ratings/green-0-00.png HTTP/1.1" 200 791 "-" "Mozilla/5.0 (compatible; MSIE 10.0; Windows NT 6.2; WOW64; Trident/6.0)"
24.29.247.79 - - [26/Aug/2014:06:34:13 -0600] "GET /images/close-button.png HTTP/1.1" 200 693 "-" "Mozilla/5.0 (compatible; MSIE 10.0; Windows NT 6.2; WOW64; Trident/6.0)"
24.29.247.79 - - [26/Aug/2014:06:34:13 -0600] "GET /images/upload-an-image.png HTTP/1.1" 200 7026 "-" "Mozilla/5.0 (compatible; MSIE 10.0; Windows NT 6.2; WOW64; Trident/6.0)"
24.29.247.79 - - [26/Aug/2014:06:34:13 -0600] "GET /7b0744/css/vegguide-combined.css HTTP/1.1" 200 20810 "-" "Mozilla/5.0 (compatible; MSIE 10.0; Windows NT 6.2; WOW64; Trident/6.0)"
24.29.247.79 - - [26/Aug/2014:06:34:13 -0600] "GET /images/thl-logo.png HTTP/1.1" 200 2925 "-" "Mozilla/5.0 (compatible; MSIE 10.0; Windows NT 6.2; WOW64; Trident/6.0)"
24.29.247.79 - - [26/Aug/2014:06:34:13 -0600] "GET /images/caa-logo.png HTTP/1.1" 200 10681 "-" "Mozilla/5.0 (compatible; MSIE 10.0; Windows NT 6.2; WOW64; Trident/6.0)"
24.29.247.79 - - [26/Aug/2014:06:34:13 -0600] "GET /images/vegguide-logo.png HTTP/1.1" 200 20540 "-" "Mozilla/5.0 (compatible; MSIE 10.0; Windows NT 6.2; WOW64; Trident/6.0)"
24.29.247.79 - - [26/Aug/2014:06:34:13 -0600] "GET /images/peta-logo.jpg HTTP/1.1" 200 14774 "-" "Mozilla/5.0 (compatible; MSIE 10.0; Windows NT 6.2; WOW64; Trident/6.0)"
24.29.247.79 - - [26/Aug/2014:06:34:13 -0600] "GET /images/cok-logo.png HTTP/1.1" 200 8577 "-" "Mozilla/5.0 (compatible; MSIE 10.0; Windows NT 6.2; WOW64; Trident/6.0)"
24.29.247.79 - - [26/Aug/2014:06:34:13 -0600] "GET /7b0744/js/vegguide-combined.js HTTP/1.1" 200 94167 "-" "Mozilla/5.0 (compatible; MSIE 10.0; Windows NT 6.2; WOW64; Trident/6.0)"
24.29.247.79 - - [26/Aug/2014:06:34:13 -0600] "GET /images/fs-logo.png HTTP/1.1" 200 10293 "-" "Mozilla/5.0 (compatible; MSIE 10.0; Windows NT 6.2; WOW64; Trident/6.0)"
24.29.247.79 - - [26/Aug/2014:06:34:13 -0600] "GET /images/vo-logo.gif HTTP/1.1" 200 1553 "-" "Mozilla/5.0 (compatible; MSIE 10.0; Windows NT 6.2; WOW64; Trident/6.0)"
24.29.247.79 - - [26/Aug/2014:06:34:13 -0600] "GET /images/transparent.gif HTTP/1.1" 200 49 "-" "Mozilla/5.0 (compatible; MSIE 10.0; Windows NT 6.2; WOW64; Trident/6.0)"
24.29.247.79 - - [26/Aug/2014:06:34:13 -0600] "GET /images/loader.gif HTTP/1.1" 200 3208 "-" "Mozilla/5.0 (compatible; MSIE 10.0; Windows NT 6.2; WOW64; Trident/6.0)"
24.29.247.79 - - [26/Aug/2014:06:34:13 -0600] "GET /images/red-bullet.png HTTP/1.1" 200 231 "-" "Mozilla/5.0 (compatible; MSIE 10.0; Windows NT 6.2; WOW64; Trident/6.0)"
24.29.247.79 - - [26/Aug/2014:06:34:13 -0600] "GET /images/ratings/blue-2-00.png HTTP/1.1" 200 1375 "-" "Mozilla/5.0 (compatible; MSIE 10.0; Windows NT 6.2; WOW64; Trident/6.0)"
24.29.247.79 - - [26/Aug/2014:06:34:13 -0600] "GET /images/ratings/blue-1-00.png HTTP/1.1" 200 1037 "-" "Mozilla/5.0 (compatible; MSIE 10.0; Windows NT 6.2; WOW64; Trident/6.0)"
24.29.247.79 - - [26/Aug/2014:06:34:13 -0600] "GET /images/ratings/blue-3-00.png HTTP/1.1" 200 1416 "-" "Mozilla/5.0 (compatible; MSIE 10.0; Windows NT 6.2; WOW64; Trident/6.0)"
24.29.247.79 - - [26/Aug/2014:06:34:13 -0600] "GET /images/ratings/blue-4-00.png HTTP/1.1" 200 1375 "-" "Mozilla/5.0 (compatible; MSIE 10.0; Windows NT 6.2; WOW64; Trident/6.0)"
24.29.247.79 - - [26/Aug/2014:06:34:13 -0600] "GET /images/ratings/blue-5-00.png HTTP/1.1" 200 1198 "-" "Mozilla/5.0 (compatible; MSIE 10.0; Windows NT 6.2; WOW64; Trident/6.0)"
24.29.247.79 - - [26/Aug/2014:06:34:14 -0600] "GET /images/favicon.ico HTTP/1.1" 200 1022 "-" "Mozilla/5.0 (compatible; MSIE 10.0; Windows NT 6.2; Win64; x64; Trident/6.0)"
66.249.69.177 - - [26/Aug/2014:06:34:17 -0600] "GET /region/298.rss HTTP/1.1" 200 127838 "-" "Mozilla/5.0 (compatible; Googlebot/2.1; +http://www.google.com/bot.html)"
183.60.213.53 - - [26/Aug/2014:06:34:23 -0600] "GET /region/2006 HTTP/1.1" 200 3132 "-" "Mozilla/5.0 (compatible; EasouSpider; +http://www.easou.com/search/spider.html)"
207.46.13.94 - - [26/Aug/2014:06:34:24 -0600] "GET /entry/728 HTTP/1.1" 200 5067 "-" "Mozilla/5.0 (compatible; bingbot/2.0; +http://www.bing.com/bingbot.htm)"
66.249.69.193 - - [26/Aug/2014:06:34:30 -0600] "GET /entry/11791/reviews HTTP/1.1" 200 3107 "-" "Mozilla/5.0 (compatible; Googlebot/2.1; +http://www.google.com/bot.html)"
23.239.8.38 - - [26/Aug/2014:06:34:31 -0600] "GET / HTTP/1.1" 301 178 "-" "check_http/v1.4.15 (nagios-plugins 1.4.15)"
23.239.8.38 - - [26/Aug/2014:06:34:31 -0600] "GET / HTTP/1.1" 200 10098 "-" "check_http/v1.4.15 (nagios-plugins 1.4.15)"
66.249.69.177 - - [26/Aug/2014:06:34:38 -0600] "GET /entry-images/16676/16676-7126-mini.jpg HTTP/1.1" 200 7375 "-" "Googlebot-Image/1.0"
37.58.100.142 - - [26/Aug/2014:06:34:40 -0600] "GET /entry/near/34.0288%2C-118.317/filter?unit=mile;distance=25;sort_order=ASC;page=;order_by=distance;address=90018;limit= HTTP/1.1" 200 8749 "-" "Mozilla/5.0 (compatible; AhrefsBot/5.0; +http://ahrefs.com/robot/)"
24.29.247.79 - - [26/Aug/2014:06:34:41 -0600] "GET /entry/5023/map HTTP/1.1" 200 3553 "-" "Mozilla/5.0 (compatible; MSIE 10.0; Windows NT 6.2; WOW64; Trident/6.0)"
24.29.247.79 - - [26/Aug/2014:06:34:42 -0600] "GET /images/map-icons/grocery2.png HTTP/1.1" 200 3517 "-" "Mozilla/5.0 (compatible; MSIE 10.0; Windows NT 6.2; WOW64; Trident/6.0)"
68.180.225.35 - - [26/Aug/2014:06:34:45 -0600] "GET /entry/9765 HTTP/1.1" 200 5145 "-" "Mozilla/5.0 (compatible; Yahoo! Slurp; http://help.yahoo.com/help/us/ysearch/slurp)"
37.58.100.142 - - [26/Aug/2014:06:34:50 -0600] "GET /entry/6424/reviews HTTP/1.1" 200 4884 "-" "Mozilla/5.0 (compatible; AhrefsBot/5.0; +http://ahrefs.com/robot/)"
157.55.39.71 - - [26/Aug/2014:06:34:54 -0600] "GET /entry/13538 HTTP/1.1" 200 5106 "-" "Mozilla/5.0 (compatible; bingbot/2.0; +http://www.bing.com/bingbot.htm)"
192.225.63.98 - - [26/Aug/2014:06:34:59 -0600] "GET /entry-images/18451/18451-8189-small.png HTTP/1.1" 200 71538 "-" "Mozilla/5.0 (Linux; Android 4.4.2; SAMSUNG-SGH-I537 Build/KOT49H) AppleWebKit/537.36 (KHTML, like Gecko) Version/4.0 Chrome/30.0.0.0 Mobile Safari/537.36 GSA/3.6.14.1337016.arm"
131.253.24.66 - - [26/Aug/2014:06:35:04 -0600] "GET /entry/16690 HTTP/1.1" 200 4462 "-" "Mozilla/5.0 (compatible; MSIE 9.0; Windows NT 6.0; Trident/5.0;  Trident/5.0)"
131.253.24.66 - - [26/Aug/2014:06:35:09 -0600] "GET /7b0744/css/vegguide-combined.css HTTP/1.1" 200 20810 "-" "Mozilla/5.0 (compatible; MSIE 9.0; Windows NT 6.0; Trident/5.0;  Trident/5.0)"
131.253.24.66 - - [26/Aug/2014:06:35:10 -0600] "GET /7b0744/js/vegguide-combined.js HTTP/1.1" 200 94167 "-" "Mozilla/5.0 (compatible; MSIE 9.0; Windows NT 6.0; Trident/5.0;  Trident/5.0)"
66.249.83.52 - - [26/Aug/2014:06:35:12 -0600] "GET /region/5/recent.rss HTTP/1.1" 200 22342 "-" "Feedfetcher-Google; (+http://www.google.com/feedfetcher.html; feed-id=14998408242582959505)"
66.249.69.161 - - [26/Aug/2014:06:35:12 -0600] "GET /entry/near/47.5187,-100.89/filter?unit=km;distance=25;sort_order=ASC;page=1;order_by=distance;address=58575;limit=20 HTTP/1.1" 200 6211 "-" "Mozilla/5.0 (compatible; Googlebot/2.1; +http://www.google.com/bot.html)"
183.60.214.53 - - [26/Aug/2014:06:35:15 -0600] "GET /user/10802 HTTP/1.1" 200 3321 "-" "Mozilla/5.0 (compatible; EasouSpider; +http://www.easou.com/search/spider.html)"
131.253.24.57 - - [26/Aug/2014:06:35:17 -0600] "GET /entry/8120 HTTP/1.1" 200 4426 "-" "Mozilla/5.0 (compatible; MSIE 9.0; Windows NT 6.1; Trident/5.0;  Trident/5.0)"
131.253.24.57 - - [26/Aug/2014:06:35:18 -0600] "GET /7b0744/css/vegguide-combined.css HTTP/1.1" 200 20810 "-" "Mozilla/5.0 (compatible; MSIE 9.0; Windows NT 6.1; Trident/5.0;  Trident/5.0)"
131.253.24.57 - - [26/Aug/2014:06:35:19 -0600] "GET /7b0744/js/vegguide-combined.js HTTP/1.1" 200 94167 "-" "Mozilla/5.0 (compatible; MSIE 9.0; Windows NT 6.1; Trident/5.0;  Trident/5.0)"
157.55.39.70 - - [26/Aug/2014:06:35:24 -0600] "GET /entry/4928 HTTP/1.1" 200 4360 "-" "Mozilla/5.0 (compatible; bingbot/2.0; +http://www.bing.com/bingbot.htm)"
67.3.202.84 - - [26/Aug/2014:06:35:29 -0600] "GET /favicon.ico HTTP/1.1" 200 1022 "-" "Mozilla/5.0 (compatible; MSIE 9.0; Windows NT 6.0; Trident/5.0; MSN 9.0;MSN 9.1;MSN 9.6;MSN 10.0;MSN 10.2;MSN 10.5; MSNbMSNI; MSNmen-us; MSNcOTH)"
68.180.225.35 - - [26/Aug/2014:06:35:30 -0600] "GET /entry/near/34.7745%2C-92.0616/filter?unit=mile;distance=25;sort_order=ASC;page=;order_by=distance;address=72142;limit= HTTP/1.1" 200 8646 "-" "Mozilla/5.0 (compatible; Yahoo! Slurp; http://help.yahoo.com/help/us/ysearch/slurp)"
66.249.69.123 - - [26/Aug/2014:06:35:31 -0600] "GET /region/79.rss HTTP/1.1" 200 141327 "-" "Mozilla/5.0 (compatible; Googlebot/2.1; +http://www.google.com/bot.html)"
24.29.247.79 - - [26/Aug/2014:06:35:33 -0600] "GET /entry/5023 HTTP/1.1" 200 4338 "-" "Mozilla/5.0 (compatible; MSIE 10.0; Windows NT 6.2; WOW64; Trident/6.0)"
66.249.69.177 - - [26/Aug/2014:06:35:38 -0600] "GET /entry/3401/map HTTP/1.1" 200 3576 "-" "Mozilla/5.0 (compatible; Googlebot/2.1; +http://www.google.com/bot.html)"
24.29.247.79 - - [26/Aug/2014:06:35:41 -0600] "GET /entry/5023 HTTP/1.1" 200 4338 "-" "Mozilla/5.0 (compatible; MSIE 10.0; Windows NT 6.2; WOW64; Trident/6.0)"
37.58.100.142 - - [26/Aug/2014:06:35:49 -0600] "GET /entry/near/40.737%2C-111.857/filter?unit=mile;distance=25;sort_order=ASC;page=;order_by=distance;address=84105;limit= HTTP/1.1" 200 8851 "-" "Mozilla/5.0 (compatible; AhrefsBot/5.0; +http://ahrefs.com/robot/)"
65.55.213.60 - - [26/Aug/2014:06:35:52 -0600] "GET /region/391 HTTP/1.1" 200 8105 "-" "Mozilla/5.0 (compatible; MSIE 9.0; Windows NT 6.1; Trident/5.0;  Trident/5.0)"
65.55.213.60 - - [26/Aug/2014:06:35:53 -0600] "GET /7b0744/css/vegguide-combined.css HTTP/1.1" 200 20810 "-" "Mozilla/5.0 (compatible; MSIE 9.0; Windows NT 6.1; Trident/5.0;  Trident/5.0)"
157.55.39.71 - - [26/Aug/2014:06:35:54 -0600] "GET /region/1891/filter/category_id=1 HTTP/1.1" 200 3815 "-" "Mozilla/5.0 (compatible; bingbot/2.0; +http://www.bing.com/bingbot.htm)"
65.55.213.60 - - [26/Aug/2014:06:35:55 -0600] "GET /7b0744/js/vegguide-combined.js HTTP/1.1" 200 94167 "-" "Mozilla/5.0 (compatible; MSIE 9.0; Windows NT 6.1; Trident/5.0;  Trident/5.0)"
66.249.69.193 - - [26/Aug/2014:06:36:00 -0600] "GET /entry/near/36.9926,-121.877/filter?unit=mile;distance=25;sort_order=ASC;page=1;order_by=distance;address=95003;limit=20 HTTP/1.1" 200 8650 "-" "Mozilla/5.0 (compatible; Googlebot/2.1; +http://www.google.com/bot.html)"
131.253.24.100 - - [26/Aug/2014:06:36:06 -0600] "GET /entry/9776 HTTP/1.1" 200 4537 "-" "Mozilla/5.0 (compatible; MSIE 9.0; Windows NT 6.0; Trident/5.0;  Trident/5.0)"
131.253.24.100 - - [26/Aug/2014:06:36:07 -0600] "GET /7b0744/css/vegguide-combined.css HTTP/1.1" 200 20810 "-" "Mozilla/5.0 (compatible; MSIE 9.0; Windows NT 6.0; Trident/5.0;  Trident/5.0)"
68.3.131.93 - - [26/Aug/2014:06:36:07 -0600] "GET /site/recent.rss HTTP/1.1" 200 20227 "-" "Mozilla/5.0 (compatible; Genieo/1.0 http://www.genieo.com/webfilter.html)"
131.253.24.100 - - [26/Aug/2014:06:36:08 -0600] "GET /7b0744/js/vegguide-combined.js HTTP/1.1" 200 94167 "-" "Mozilla/5.0 (compatible; MSIE 9.0; Windows NT 6.0; Trident/5.0;  Trident/5.0)"
68.180.225.35 - - [26/Aug/2014:06:36:15 -0600] "GET /site/privacy HTTP/1.1" 200 5379 "-" "Mozilla/5.0 (compatible; Yahoo! Slurp; http://help.yahoo.com/help/us/ysearch/slurp)"
66.249.91.182 - - [26/Aug/2014:06:36:19 -0600] "GET /location/most_recent.rss?location_id=106 HTTP/1.1" 301 178 "-" "Feedfetcher-Google; (+http://www.google.com/feedfetcher.html; 1 subscribers; feed-id=4649893600617462606)"
66.249.91.182 - - [26/Aug/2014:06:36:20 -0600] "GET /region/106/recent.rss HTTP/1.1" 200 17828 "-" "Feedfetcher-Google; (+http://www.google.com/feedfetcher.html; 1 subscribers; feed-id=4649893600617462606)"
37.58.100.142 - - [26/Aug/2014:06:36:20 -0600] "GET /entry/17496 HTTP/1.1" 200 4492 "-" "Mozilla/5.0 (compatible; AhrefsBot/5.0; +http://ahrefs.com/robot/)"
24.29.247.79 - - [26/Aug/2014:06:36:24 -0600] "GET /entry/5023/map HTTP/1.1" 200 3553 "-" "Mozilla/5.0 (compatible; MSIE 10.0; Windows NT 6.2; WOW64; Trident/6.0)"
157.55.39.70 - - [26/Aug/2014:06:36:24 -0600] "GET /entry/16289 HTTP/1.1" 200 5977 "-" "Mozilla/5.0 (compatible; bingbot/2.0; +http://www.bing.com/bingbot.htm)"
66.249.69.193 - - [26/Aug/2014:06:36:25 -0600] "GET /entry/near/31.5629,-93.479/filter/veg_level=2?unit=mile;distance=1;sort_order=ASC;page=1;order_by=distance;address=71429;limit=20 HTTP/1.1" 200 6299 "-" "Mozilla/5.0 (compatible; Googlebot/2.1; +http://www.google.com/bot.html)"
208.115.113.88 - - [26/Aug/2014:06:36:30 -0600] "GET /entry/19288 HTTP/1.1" 200 11947 "-" "Mozilla/5.0 (compatible; DotBot/1.1; http://www.opensiteexplorer.org/dotbot, help@moz.com)"
131.253.24.39 - - [26/Aug/2014:06:36:37 -0600] "GET /region/2193 HTTP/1.1" 200 8397 "-" "Mozilla/5.0 (compatible; MSIE 9.0; Windows NT 6.1; Trident/5.0;  Trident/5.0)"
131.253.24.39 - - [26/Aug/2014:06:36:39 -0600] "GET /7b0744/css/vegguide-combined.css HTTP/1.1" 200 20810 "-" "Mozilla/5.0 (compatible; MSIE 9.0; Windows NT 6.1; Trident/5.0;  Trident/5.0)"
131.253.24.39 - - [26/Aug/2014:06:36:40 -0600] "GET /7b0744/js/vegguide-combined.js HTTP/1.1" 200 94167 "-" "Mozilla/5.0 (compatible; MSIE 9.0; Windows NT 6.1; Trident/5.0;  Trident/5.0)"
37.58.100.142 - - [26/Aug/2014:06:36:42 -0600] "GET /region/16/new_region_form HTTP/1.1" 302 338 "-" "Mozilla/5.0 (compatible; AhrefsBot/5.0; +http://ahrefs.com/robot/)"
37.58.100.142 - - [26/Aug/2014:06:36:42 -0600] "GET /entry/7977 HTTP/1.1" 200 4599 "-" "Mozilla/5.0 (compatible; AhrefsBot/5.0; +http://ahrefs.com/robot/)"
66.249.69.177 - - [26/Aug/2014:06:36:47 -0600] "GET /entry/13012/reviews HTTP/1.1" 200 3672 "-" "Mozilla/5.0 (compatible; Googlebot/2.1; +http://www.google.com/bot.html)"
188.121.41.53 - - [26/Aug/2014:06:36:52 -0600] "GET /search/by-lat-long/12.053532,-61.749684/filter/category_id=1;category_id=2;category_id=3;category_id=4;category_id=5;category_id=6;category_id=7;category_id=8;category_id=9?limit=10;unit=km;distance=10 HTTP/1.1" 200 2114 "-" "-"
157.55.39.71 - - [26/Aug/2014:06:36:54 -0600] "GET /region/391/filter/veg_level=2;category_id=1 HTTP/1.1" 200 7604 "-" "Mozilla/5.0 (compatible; bingbot/2.0; +http://www.bing.com/bingbot.htm)"
23.81.239.246 - - [26/Aug/2014:06:36:56 -0600] "GET /site/help HTTP/1.1" 200 12781 "-" "Mozilla/5.0 (Windows NT 6.1; rv:2.0b7pre) Gecko/20100921 Firefox/4.0b7pre"
23.81.239.246 - - [26/Aug/2014:06:36:57 -0600] "GET /mailman/listinfo/community HTTP/1.1" 301 178 "-" "Mozilla/5.0 (Windows NT 6.1; rv:2.0b7pre) Gecko/20100921 Firefox/4.0b7pre"
66.249.83.52 - - [26/Aug/2014:06:36:57 -0600] "GET /region/2/recent.atom HTTP/1.1" 200 20545 "-" "Feedfetcher-Google; (+http://www.google.com/feedfetcher.html; feed-id=13566649440585839706)"
107.138.26.216 - - [26/Aug/2014:06:36:58 -0600] "GET /region/2/recent.atom HTTP/1.1" 200 20545 "-" "Mozilla/5.0 (compatible; Genieo/1.0 http://www.genieo.com/webfilter.html)"
107.138.26.216 - - [26/Aug/2014:06:36:59 -0600] "HEAD /region/2 HTTP/1.1" 200 0 "-" "Mozilla/5.0 (compatible; Genieo/1.0 http://www.genieo.com/webfilter.html)"
66.249.69.161 - - [26/Aug/2014:06:36:59 -0600] "GET /entry/11791/map HTTP/1.1" 200 3598 "-" "Mozilla/5.0 (compatible; Googlebot/2.1; +http://www.google.com/bot.html)"
107.138.26.216 - - [26/Aug/2014:06:36:59 -0600] "GET /region/2 HTTP/1.1" 200 5086 "-" "Mozilla/5.0 (compatible; Genieo/1.0 http://www.genieo.com/webfilter.html)"
107.138.26.216 - - [26/Aug/2014:06:36:59 -0600] "GET /images/favicon.ico HTTP/1.1" 200 1022 "-" "Mozilla/5.0 (compatible; Genieo/1.0 http://www.genieo.com/webfilter.html)"
68.180.225.35 - - [26/Aug/2014:06:37:00 -0600] "GET /entry/9837 HTTP/1.1" 200 4957 "-" "Mozilla/5.0 (compatible; Yahoo! Slurp; http://help.yahoo.com/help/us/ysearch/slurp)"
87.253.132.203 - - [26/Aug/2014:06:37:02 -0600] "HEAD /region/60.rss HTTP/1.1" 200 0 "-" "Owlin Bot v. 3.0"
193.175.73.218 - - [26/Aug/2014:06:37:04 -0600] "GET /region/60 HTTP/1.1" 200 43980 "-" "Mozilla/5.0 (Windows NT 6.1; WOW64) AppleWebKit/537.36 (KHTML, like Gecko) Chrome/36.0.1985.143 Safari/537.36"
193.175.73.218 - - [26/Aug/2014:06:37:04 -0600] "GET /7b0744/css/vegguide-combined.css HTTP/1.1" 200 20810 "-" "Mozilla/5.0 (Windows NT 6.1; WOW64) AppleWebKit/537.36 (KHTML, like Gecko) Chrome/36.0.1985.143 Safari/537.36"
193.175.73.218 - - [26/Aug/2014:06:37:04 -0600] "GET /images/close-button.png HTTP/1.1" 200 693 "-" "Mozilla/5.0 (Windows NT 6.1; WOW64) AppleWebKit/537.36 (KHTML, like Gecko) Chrome/36.0.1985.143 Safari/537.36"
193.175.73.218 - - [26/Aug/2014:06:37:04 -0600] "GET /7b0744/images/ratings/green-0-00.png HTTP/1.1" 200 791 "-" "Mozilla/5.0 (Windows NT 6.1; WOW64) AppleWebKit/537.36 (KHTML, like Gecko) Chrome/36.0.1985.143 Safari/537.36"
193.175.73.218 - - [26/Aug/2014:06:37:04 -0600] "GET /7b0744/images/sort-up.gif HTTP/1.1" 200 84 "-" "Mozilla/5.0 (Windows NT 6.1; WOW64) AppleWebKit/537.36 (KHTML, like Gecko) Chrome/36.0.1985.143 Safari/537.36"
193.175.73.218 - - [26/Aug/2014:06:37:04 -0600] "GET /7b0744/images/sort-none.gif HTTP/1.1" 200 79 "-" "Mozilla/5.0 (Windows NT 6.1; WOW64) AppleWebKit/537.36 (KHTML, like Gecko) Chrome/36.0.1985.143 Safari/537.36"
193.175.73.218 - - [26/Aug/2014:06:37:04 -0600] "GET /7b0744/images/ratings/green-4-00.png HTTP/1.1" 200 1221 "-" "Mozilla/5.0 (Windows NT 6.1; WOW64) AppleWebKit/537.36 (KHTML, like Gecko) Chrome/36.0.1985.143 Safari/537.36"
193.175.73.218 - - [26/Aug/2014:06:37:04 -0600] "GET /7b0744/images/ratings/green-4-25.png HTTP/1.1" 200 896 "-" "Mozilla/5.0 (Windows NT 6.1; WOW64) AppleWebKit/537.36 (KHTML, like Gecko) Chrome/36.0.1985.143 Safari/537.36"
193.175.73.218 - - [26/Aug/2014:06:37:04 -0600] "GET /7b0744/images/ratings/green-3-50.png HTTP/1.1" 200 1283 "-" "Mozilla/5.0 (Windows NT 6.1; WOW64) AppleWebKit/537.36 (KHTML, like Gecko) Chrome/36.0.1985.143 Safari/537.36"
193.175.73.218 - - [26/Aug/2014:06:37:04 -0600] "GET /7b0744/images/ratings/green-4-50.png HTTP/1.1" 200 878 "-" "Mozilla/5.0 (Windows NT 6.1; WOW64) AppleWebKit/537.36 (KHTML, like Gecko) Chrome/36.0.1985.143 Safari/537.36"
193.175.73.218 - - [26/Aug/2014:06:37:04 -0600] "GET /images/vegguide-logo.png HTTP/1.1" 200 20540 "-" "Mozilla/5.0 (Windows NT 6.1; WOW64) AppleWebKit/537.36 (KHTML, like Gecko) Chrome/36.0.1985.143 Safari/537.36"
193.175.73.218 - - [26/Aug/2014:06:37:05 -0600] "GET /images/caa-logo.png HTTP/1.1" 200 10681 "-" "Mozilla/5.0 (Windows NT 6.1; WOW64) AppleWebKit/537.36 (KHTML, like Gecko) Chrome/36.0.1985.143 Safari/537.36"
193.175.73.218 - - [26/Aug/2014:06:37:05 -0600] "GET /images/thl-logo.png HTTP/1.1" 200 2925 "-" "Mozilla/5.0 (Windows NT 6.1; WOW64) AppleWebKit/537.36 (KHTML, like Gecko) Chrome/36.0.1985.143 Safari/537.36"
193.175.73.218 - - [26/Aug/2014:06:37:05 -0600] "GET /images/peta-logo.jpg HTTP/1.1" 200 14774 "-" "Mozilla/5.0 (Windows NT 6.1; WOW64) AppleWebKit/537.36 (KHTML, like Gecko) Chrome/36.0.1985.143 Safari/537.36"
193.175.73.218 - - [26/Aug/2014:06:37:05 -0600] "GET /images/cok-logo.png HTTP/1.1" 200 8577 "-" "Mozilla/5.0 (Windows NT 6.1; WOW64) AppleWebKit/537.36 (KHTML, like Gecko) Chrome/36.0.1985.143 Safari/537.36"
193.175.73.218 - - [26/Aug/2014:06:37:05 -0600] "GET /7b0744/js/vegguide-combined.js HTTP/1.1" 200 94167 "-" "Mozilla/5.0 (Windows NT 6.1; WOW64) AppleWebKit/537.36 (KHTML, like Gecko) Chrome/36.0.1985.143 Safari/537.36"
193.175.73.218 - - [26/Aug/2014:06:37:05 -0600] "GET /images/fs-logo.png HTTP/1.1" 200 10293 "-" "Mozilla/5.0 (Windows NT 6.1; WOW64) AppleWebKit/537.36 (KHTML, like Gecko) Chrome/36.0.1985.143 Safari/537.36"
193.175.73.218 - - [26/Aug/2014:06:37:05 -0600] "GET /images/vo-logo.gif HTTP/1.1" 200 1553 "-" "Mozilla/5.0 (Windows NT 6.1; WOW64) AppleWebKit/537.36 (KHTML, like Gecko) Chrome/36.0.1985.143 Safari/537.36"
193.175.73.218 - - [26/Aug/2014:06:37:05 -0600] "GET /images/loader.gif HTTP/1.1" 200 3208 "-" "Mozilla/5.0 (Windows NT 6.1; WOW64) AppleWebKit/537.36 (KHTML, like Gecko) Chrome/36.0.1985.143 Safari/537.36"
193.175.73.218 - - [26/Aug/2014:06:37:05 -0600] "GET /images/transparent.gif HTTP/1.1" 200 49 "-" "Mozilla/5.0 (Windows NT 6.1; WOW64) AppleWebKit/537.36 (KHTML, like Gecko) Chrome/36.0.1985.143 Safari/537.36"
193.175.73.218 - - [26/Aug/2014:06:37:06 -0600] "GET /images/favicon.ico HTTP/1.1" 200 1022 "-" "Mozilla/5.0 (Windows NT 6.1; WOW64) AppleWebKit/537.36 (KHTML, like Gecko) Chrome/36.0.1985.143 Safari/537.36"
208.115.113.88 - - [26/Aug/2014:06:37:21 -0600] "GET /region/1317 HTTP/1.1" 200 8617 "-" "Mozilla/5.0 (compatible; DotBot/1.1; http://www.opensiteexplorer.org/dotbot, help@moz.com)"
157.55.39.70 - - [26/Aug/2014:06:37:23 -0600] "GET /region/1812/filter/category_id=1 HTTP/1.1" 200 4189 "-" "Mozilla/5.0 (compatible; bingbot/2.0; +http://www.bing.com/bingbot.htm)"
65.55.215.236 - - [26/Aug/2014:06:37:26 -0600] "GET /entry/17517 HTTP/1.1" 200 4590 "-" "Mozilla/5.0 (compatible; MSIE 9.0; Windows NT 6.0; Trident/5.0;  Trident/5.0)"
65.55.215.236 - - [26/Aug/2014:06:37:28 -0600] "GET /7b0744/css/vegguide-combined.css HTTP/1.1" 200 20810 "-" "Mozilla/5.0 (compatible; MSIE 9.0; Windows NT 6.0; Trident/5.0;  Trident/5.0)"
65.55.215.236 - - [26/Aug/2014:06:37:29 -0600] "GET /7b0744/js/vegguide-combined.js HTTP/1.1" 200 94167 "-" "Mozilla/5.0 (compatible; MSIE 9.0; Windows NT 6.0; Trident/5.0;  Trident/5.0)"
66.249.69.177 - - [26/Aug/2014:06:37:39 -0600] "GET /entry/2160/edit_form HTTP/1.1" 302 338 "-" "Mozilla/5.0 (compatible; Googlebot/2.1; +http://www.google.com/bot.html)"
183.60.213.53 - - [26/Aug/2014:06:37:41 -0600] "GET /entry/4902/review_form HTTP/1.1" 302 338 "-" "Mozilla/5.0 (compatible; EasouSpider; +http://www.easou.com/search/spider.html)"
66.249.69.177 - - [26/Aug/2014:06:37:43 -0600] "GET /entry/8985/reviews HTTP/1.1" 200 3101 "-" "Mozilla/5.0 (iPhone; CPU iPhone OS 6_0 like Mac OS X) AppleWebKit/536.26 (KHTML, like Gecko) Version/6.0 Mobile/10A5376e Safari/8536.25 (compatible; Googlebot/2.1; +http://www.google.com/bot.html)"
68.180.225.35 - - [26/Aug/2014:06:37:45 -0600] "GET /entry/19799 HTTP/1.1" 200 4567 "-" "Mozilla/5.0 (compatible; Yahoo! Slurp; http://help.yahoo.com/help/us/ysearch/slurp)"
204.225.119.20 - - [26/Aug/2014:06:37:46 -0600] "GET /entry/2708 HTTP/1.1" 200 12570 "-" "Mozilla/4.0 (compatible; MSIE 8.0; Win32)"
199.21.99.207 - - [26/Aug/2014:06:37:47 -0600] "GET /entry-images/7186/7186-3382-small.gif HTTP/1.1" 304 0 "-" "Mozilla/5.0 (compatible; YandexImages/3.0; +http://yandex.com/bots)"
157.55.39.71 - - [26/Aug/2014:06:37:53 -0600] "GET /region/2572 HTTP/1.1" 200 4085 "-" "Mozilla/5.0 (compatible; bingbot/2.0; +http://www.bing.com/bingbot.htm)"
66.249.69.161 - - [26/Aug/2014:06:37:56 -0600] "GET /entry/19600/reviews HTTP/1.1" 200 3063 "-" "Mozilla/5.0 (compatible; Googlebot/2.1; +http://www.google.com/bot.html)"
208.115.113.88 - - [26/Aug/2014:06:38:06 -0600] "GET /region/136/filter/ HTTP/1.1" 200 49411 "-" "Mozilla/5.0 (compatible; DotBot/1.1; http://www.opensiteexplorer.org/dotbot, help@moz.com)"
212.150.211.182 - - [26/Aug/2014:06:38:06 -0600] "GET /site/recent.atom?entries_only=1 HTTP/1.1" 200 8318 "-" "UniversalFeedParser/5.1.3 +https://code.google.com/p/feedparser/"
66.249.69.193 - - [26/Aug/2014:06:38:16 -0600] "GET /entry/2160/images_form HTTP/1.1" 302 338 "-" "Mozilla/5.0 (compatible; Googlebot/2.1; +http://www.google.com/bot.html)"
193.175.73.218 - - [26/Aug/2014:06:38:22 -0600] "GET /entry/16049 HTTP/1.1" 200 12116 "-" "Mozilla/5.0 (Windows NT 6.1; WOW64) AppleWebKit/537.36 (KHTML, like Gecko) Chrome/36.0.1985.143 Safari/537.36"
