178.216.54.240 - - [26/Aug/2014:06:59:33 -0600] "GET /region/13 HTTP/1.1" 200 11015 "-" "Mozilla/5.0 (Windows NT 6.1; rv:2.0b7pre) Gecko/20100921 Firefox/4.0b7pre"
178.216.54.240 - - [26/Aug/2014:06:59:33 -0600] "GET /entry/37 HTTP/1.1" 200 6116 "-" "Mozilla/5.0 (Windows NT 6.1; rv:2.0b7pre) Gecko/20100921 Firefox/4.0b7pre"
78.84.55.217 - - [26/Aug/2014:06:59:40 -0600] "GET /images/favicon.ico HTTP/1.1" 200 1022 "-" "Mozilla/5.0 (Windows NT 6.1; WOW64) AppleWebKit/537.36 (KHTML, like Gecko) Chrome/34.0.1847.137 Safari/537.36"
66.249.69.107 - - [26/Aug/2014:06:59:43 -0600] "GET /region/8/filter HTTP/1.1" 200 9146 "-" "Mozilla/5.0 (compatible; Googlebot/2.1; +http://www.google.com/bot.html)"
207.46.13.94 - - [26/Aug/2014:06:59:54 -0600] "GET /region/280 HTTP/1.1" 200 9639 "-" "Mozilla/5.0 (compatible; bingbot/2.0; +http://www.bing.com/bingbot.htm)"
54.76.28.204 - - [26/Aug/2014:06:59:58 -0600] "GET /entry/7578 HTTP/1.1" 200 5273 "-" "python-requests/2.3.0 CPython/2.7.6 Linux/3.13.0-24-generic"
117.18.73.66 - - [26/Aug/2014:06:59:58 -0600] "GET /wp-login.php HTTP/1.1" 404 564 "-" "Mozilla/5.0 (compatible; MSIE 9.0; Windows NT 6.1; Trident/5.0)"
117.18.73.66 - - [26/Aug/2014:06:59:59 -0600] "GET /entry/wp-login.php HTTP/1.1" 404 564 "-" "Mozilla/5.0 (compatible; MSIE 9.0; Windows NT 6.1; Trident/5.0)"
183.60.214.53 - - [26/Aug/2014:07:00:01 -0600] "GET /entry/15899/reviews HTTP/1.1" 200 3399 "-" "Mozilla/5.0 (compatible; EasouSpider; +http://www.easou.com/search/spider.html)"
66.249.69.161 - - [26/Aug/2014:07:00:12 -0600] "GET /region/106/recent.rss?reviews_only=1 HTTP/1.1" 200 10554 "-" "Mozilla/5.0 (compatible; Googlebot/2.1; +http://www.google.com/bot.html)"
68.180.225.35 - - [26/Aug/2014:07:00:15 -0600] "GET /entry/3145 HTTP/1.1" 200 4580 "-" "Mozilla/5.0 (compatible; Yahoo! Slurp; http://help.yahoo.com/help/us/ysearch/slurp)"
199.21.99.207 - - [26/Aug/2014:07:00:17 -0600] "GET /61db66/images/american_express.png HTTP/1.1" 200 1219 "-" "Mozilla/5.0 (compatible; YandexImages/3.0; +http://yandex.com/bots)"
207.46.13.94 - - [26/Aug/2014:07:00:24 -0600] "GET /entry/2714 HTTP/1.1" 200 5025 "-" "Mozilla/5.0 (compatible; bingbot/2.0; +http://www.bing.com/bingbot.htm)"
37.58.100.142 - - [26/Aug/2014:07:00:25 -0600] "GET /entry/near/39.0389%2C-90.1376/filter?unit=mile;distance=25;sort_order=ASC;page=;order_by=distance;address=62012;limit= HTTP/1.1" 200 8511 "-" "Mozilla/5.0 (compatible; AhrefsBot/5.0; +http://ahrefs.com/robot/)"
66.249.69.177 - - [26/Aug/2014:07:00:39 -0600] "GET /region/13.rss08/03/20114 HTTP/1.1" 200 1707912 "-" "Mozilla/5.0 (compatible; Googlebot/2.1; +http://www.google.com/bot.html)"
66.249.69.123 - - [26/Aug/2014:07:00:52 -0600] "GET /region/401 HTTP/1.1" 200 5076 "-" "Mozilla/5.0 (compatible; Googlebot/2.1; +http://www.google.com/bot.html)"
37.58.100.142 - - [26/Aug/2014:07:00:52 -0600] "GET /entry/near/30.2449%2C-97.7656/filter?unit=mile;distance=25;sort_order=ASC;page=;order_by=distance;address=78704;limit= HTTP/1.1" 200 9172 "-" "Mozilla/5.0 (compatible; AhrefsBot/5.0; +http://ahrefs.com/robot/)"
157.55.39.237 - - [26/Aug/2014:07:00:54 -0600] "GET /entry/17040 HTTP/1.1" 200 4738 "-" "Mozilla/5.0 (compatible; bingbot/2.0; +http://www.bing.com/bingbot.htm)"
183.60.213.53 - - [26/Aug/2014:07:00:57 -0600] "GET /entry/16546 HTTP/1.1" 200 4650 "-" "Mozilla/5.0 (compatible; EasouSpider; +http://www.easou.com/search/spider.html)"
66.249.69.177 - - [26/Aug/2014:07:00:59 -0600] "GET /user-images/11215-small.jpg HTTP/1.1" 200 15057 "-" "Googlebot-Image/1.0"
68.180.225.35 - - [26/Aug/2014:07:01:00 -0600] "GET /entry/10218 HTTP/1.1" 200 5387 "-" "Mozilla/5.0 (compatible; Yahoo! Slurp; http://help.yahoo.com/help/us/ysearch/slurp)"
162.244.14.140 - - [26/Aug/2014:07:01:05 -0600] "GET /region/973 HTTP/1.1" 200 8492 "-" "Mozilla/5.0 (Windows NT 6.1; rv:2.0b7pre) Gecko/20100921 Firefox/4.0b7pre"
162.244.14.140 - - [26/Aug/2014:07:01:06 -0600] "GET /entry/14893 HTTP/1.1" 200 4687 "-" "Mozilla/5.0 (Windows NT 6.1; rv:2.0b7pre) Gecko/20100921 Firefox/4.0b7pre"
37.58.100.142 - - [26/Aug/2014:07:01:19 -0600] "GET /entry/15685/reviews HTTP/1.1" 200 4363 "-" "Mozilla/5.0 (compatible; AhrefsBot/5.0; +http://ahrefs.com/robot/)"
157.55.39.237 - - [26/Aug/2014:07:01:24 -0600] "GET /entry/14152 HTTP/1.1" 200 4578 "-" "Mozilla/5.0 (compatible; bingbot/2.0; +http://www.bing.com/bingbot.htm)"
144.76.95.231 - - [26/Aug/2014:07:01:28 -0600] "GET /robots.txt HTTP/1.0" 200 151 "-" "Mozilla/5.0 (compatible; MJ12bot/v1.4.5; http://www.majestic12.co.uk/bot.php?+)"
68.180.225.35 - - [26/Aug/2014:07:01:45 -0600] "GET /user/3933 HTTP/1.1" 200 3016 "-" "Mozilla/5.0 (compatible; Yahoo! Slurp; http://help.yahoo.com/help/us/ysearch/slurp)"
37.58.100.142 - - [26/Aug/2014:07:01:46 -0600] "GET /entry/near/38.3286%2C-89.1899/filter?unit=mile;distance=25;sort_order=ASC;page=;order_by=distance;address=62808;limit= HTTP/1.1" 200 6643 "-" "Mozilla/5.0 (compatible; AhrefsBot/5.0; +http://ahrefs.com/robot/)"
144.76.95.231 - - [26/Aug/2014:07:01:50 -0600] "GET /region/1176/recent.rss?entries_only=1 HTTP/1.0" 200 1902 "-" "Mozilla/5.0 (compatible; MJ12bot/v1.4.5; http://www.majestic12.co.uk/bot.php?+)"
144.76.95.231 - - [26/Aug/2014:07:01:52 -0600] "GET /robots.txt HTTP/1.0" 200 151 "-" "Mozilla/5.0 (compatible; MJ12bot/v1.4.5; http://www.majestic12.co.uk/bot.php?+)"
207.46.13.94 - - [26/Aug/2014:07:01:54 -0600] "GET /entry/286 HTTP/1.1" 200 5891 "-" "Mozilla/5.0 (compatible; bingbot/2.0; +http://www.bing.com/bingbot.htm)"
66.249.69.161 - - [26/Aug/2014:07:02:01 -0600] "GET /region/1916 HTTP/1.1" 200 4130 "-" "Mozilla/5.0 (compatible; Googlebot/2.1; +http://www.google.com/bot.html)"
80.39.132.39 - - [26/Aug/2014:07:02:01 -0600] "GET /region/1918 HTTP/1.1" 200 4796 "-" "Mozilla/5.0 (Windows NT 5.1; rv:31.0) Gecko/20100101 Firefox/31.0"
80.39.132.39 - - [26/Aug/2014:07:02:03 -0600] "GET /7b0744/css/vegguide-combined.css HTTP/1.1" 200 20810 "-" "Mozilla/5.0 (Windows NT 5.1; rv:31.0) Gecko/20100101 Firefox/31.0"
80.39.132.39 - - [26/Aug/2014:07:02:03 -0600] "GET /images/favicon.ico HTTP/1.1" 200 1022 "-" "Mozilla/5.0 (Windows NT 5.1; rv:31.0) Gecko/20100101 Firefox/31.0"
80.39.132.39 - - [26/Aug/2014:07:02:05 -0600] "GET /7b0744/js/vegguide-combined.js HTTP/1.1" 200 94167 "-" "Mozilla/5.0 (Windows NT 5.1; rv:31.0) Gecko/20100101 Firefox/31.0"
80.39.132.39 - - [26/Aug/2014:07:02:07 -0600] "GET /images/close-button.png HTTP/1.1" 200 693 "-" "Mozilla/5.0 (Windows NT 5.1; rv:31.0) Gecko/20100101 Firefox/31.0"
80.39.132.39 - - [26/Aug/2014:07:02:07 -0600] "GET /images/vegguide-logo.png HTTP/1.1" 200 20540 "-" "Mozilla/5.0 (Windows NT 5.1; rv:31.0) Gecko/20100101 Firefox/31.0"
80.39.132.39 - - [26/Aug/2014:07:02:07 -0600] "GET /7b0744/images/sort-up.gif HTTP/1.1" 200 84 "-" "Mozilla/5.0 (Windows NT 5.1; rv:31.0) Gecko/20100101 Firefox/31.0"
80.39.132.39 - - [26/Aug/2014:07:02:08 -0600] "GET /images/thl-logo.png HTTP/1.1" 200 2925 "-" "Mozilla/5.0 (Windows NT 5.1; rv:31.0) Gecko/20100101 Firefox/31.0"
80.39.132.39 - - [26/Aug/2014:07:02:08 -0600] "GET /7b0744/images/sort-none.gif HTTP/1.1" 200 79 "-" "Mozilla/5.0 (Windows NT 5.1; rv:31.0) Gecko/20100101 Firefox/31.0"
80.39.132.39 - - [26/Aug/2014:07:02:08 -0600] "GET /7b0744/images/ratings/green-0-00.png HTTP/1.1" 200 791 "-" "Mozilla/5.0 (Windows NT 5.1; rv:31.0) Gecko/20100101 Firefox/31.0"
80.39.132.39 - - [26/Aug/2014:07:02:08 -0600] "GET /images/caa-logo.png HTTP/1.1" 200 10681 "-" "Mozilla/5.0 (Windows NT 5.1; rv:31.0) Gecko/20100101 Firefox/31.0"
80.39.132.39 - - [26/Aug/2014:07:02:08 -0600] "GET /images/peta-logo.jpg HTTP/1.1" 200 14774 "-" "Mozilla/5.0 (Windows NT 5.1; rv:31.0) Gecko/20100101 Firefox/31.0"
80.39.132.39 - - [26/Aug/2014:07:02:08 -0600] "GET /images/cok-logo.png HTTP/1.1" 200 8577 "-" "Mozilla/5.0 (Windows NT 5.1; rv:31.0) Gecko/20100101 Firefox/31.0"
80.39.132.39 - - [26/Aug/2014:07:02:08 -0600] "GET /images/fs-logo.png HTTP/1.1" 200 10293 "-" "Mozilla/5.0 (Windows NT 5.1; rv:31.0) Gecko/20100101 Firefox/31.0"
80.39.132.39 - - [26/Aug/2014:07:02:08 -0600] "GET /images/vo-logo.gif HTTP/1.1" 200 1553 "-" "Mozilla/5.0 (Windows NT 5.1; rv:31.0) Gecko/20100101 Firefox/31.0"
80.39.132.39 - - [26/Aug/2014:07:02:09 -0600] "GET /images/loader.gif HTTP/1.1" 200 3208 "-" "Mozilla/5.0 (Windows NT 5.1; rv:31.0) Gecko/20100101 Firefox/31.0"
80.39.132.39 - - [26/Aug/2014:07:02:09 -0600] "GET /images/transparent.gif HTTP/1.1" 200 49 "-" "Mozilla/5.0 (Windows NT 5.1; rv:31.0) Gecko/20100101 Firefox/31.0"
144.76.95.231 - - [26/Aug/2014:07:02:14 -0600] "GET /region/1176/recent.rss?reviews_only=1 HTTP/1.0" 200 907 "-" "Mozilla/5.0 (compatible; MJ12bot/v1.4.5; http://www.majestic12.co.uk/bot.php?+)"
66.249.69.193 - - [26/Aug/2014:07:02:16 -0600] "GET /entry/near/43.208,-78.5669/filter?unit=mile;distance=25;sort_order=ASC;page=;order_by=distance;address=14067;limit= HTTP/1.1" 200 8690 "-" "Mozilla/5.0 (compatible; Googlebot/2.1; +http://www.google.com/bot.html)"
80.39.132.39 - - [26/Aug/2014:07:02:24 -0600] "GET /entry/12391 HTTP/1.1" 200 4528 "-" "Mozilla/5.0 (Windows NT 5.1; rv:31.0) Gecko/20100101 Firefox/31.0"
157.55.39.147 - - [26/Aug/2014:07:02:24 -0600] "GET /entry/4276 HTTP/1.1" 200 4560 "-" "Mozilla/5.0 (compatible; bingbot/2.0; +http://www.bing.com/bingbot.htm)"
80.39.132.39 - - [26/Aug/2014:07:02:25 -0600] "GET /images/upload-an-image.png HTTP/1.1" 200 7026 "-" "Mozilla/5.0 (Windows NT 5.1; rv:31.0) Gecko/20100101 Firefox/31.0"
80.39.132.39 - - [26/Aug/2014:07:02:26 -0600] "GET /images/red-bullet.png HTTP/1.1" 200 231 "-" "Mozilla/5.0 (Windows NT 5.1; rv:31.0) Gecko/20100101 Firefox/31.0"
80.39.132.39 - - [26/Aug/2014:07:02:27 -0600] "GET /images/ratings/blue-1-00.png HTTP/1.1" 200 1037 "-" "Mozilla/5.0 (Windows NT 5.1; rv:31.0) Gecko/20100101 Firefox/31.0"
80.39.132.39 - - [26/Aug/2014:07:02:27 -0600] "GET /images/ratings/blue-2-00.png HTTP/1.1" 200 1375 "-" "Mozilla/5.0 (Windows NT 5.1; rv:31.0) Gecko/20100101 Firefox/31.0"
80.39.132.39 - - [26/Aug/2014:07:02:27 -0600] "GET /images/ratings/blue-3-00.png HTTP/1.1" 200 1416 "-" "Mozilla/5.0 (Windows NT 5.1; rv:31.0) Gecko/20100101 Firefox/31.0"
80.39.132.39 - - [26/Aug/2014:07:02:27 -0600] "GET /images/ratings/blue-4-00.png HTTP/1.1" 200 1375 "-" "Mozilla/5.0 (Windows NT 5.1; rv:31.0) Gecko/20100101 Firefox/31.0"
80.39.132.39 - - [26/Aug/2014:07:02:27 -0600] "GET /images/ratings/blue-5-00.png HTTP/1.1" 200 1198 "-" "Mozilla/5.0 (Windows NT 5.1; rv:31.0) Gecko/20100101 Firefox/31.0"
144.76.95.231 - - [26/Aug/2014:07:02:35 -0600] "GET /region/1176/stats HTTP/1.0" 200 8478 "-" "Mozilla/5.0 (compatible; MJ12bot/v1.4.5; http://www.majestic12.co.uk/bot.php?+)"
37.58.100.142 - - [26/Aug/2014:07:02:39 -0600] "GET /entry/18454/edit_form HTTP/1.1" 302 338 "-" "Mozilla/5.0 (compatible; AhrefsBot/5.0; +http://ahrefs.com/robot/)"
183.60.212.148 - - [26/Aug/2014:07:02:44 -0600] "GET /region/154/map HTTP/1.1" 200 11601 "-" "Mozilla/5.0 (compatible; EasouSpider; +http://www.easou.com/search/spider.html)"
54.221.157.155 - - [26/Aug/2014:07:02:47 -0600] "GET /robots.txt HTTP/1.1" 200 151 "-" "Recorded Future"
54.221.157.155 - - [26/Aug/2014:07:02:48 -0600] "GET /site/recent.rss HTTP/1.1" 200 20227 "-" "Recorded Future"
37.58.100.142 - - [26/Aug/2014:07:02:52 -0600] "GET /entry/near/38.3161%2C-88.9105/filter/category_id=1?unit=km;distance=25;sort_order=DESC;page=1;order_by=name;address=62864;limit=20 HTTP/1.1" 200 6322 "-" "Mozilla/5.0 (compatible; AhrefsBot/5.0; +http://ahrefs.com/robot/)"
157.55.39.148 - - [26/Aug/2014:07:02:54 -0600] "GET /entry/19890 HTTP/1.1" 200 4555 "-" "Mozilla/5.0 (compatible; bingbot/2.0; +http://www.bing.com/bingbot.htm)"
144.76.95.231 - - [26/Aug/2014:07:02:55 -0600] "GET /region/1178/map/category_id=1 HTTP/1.0" 200 12659 "-" "Mozilla/5.0 (compatible; MJ12bot/v1.4.5; http://www.majestic12.co.uk/bot.php?+)"
66.249.69.193 - - [26/Aug/2014:07:03:06 -0600] "GET /entry/near/41.2436,-75.2265/filter?unit=mile;distance=25;sort_order=ASC;page=;order_by=distance;address=18325;limit= HTTP/1.1" 200 9156 "-" "Mozilla/5.0 (compatible; Googlebot/2.1; +http://www.google.com/bot.html)"
66.249.91.198 - - [26/Aug/2014:07:03:08 -0600] "GET /site/recent.rss%3Freviews_only%3D1 HTTP/1.1" 200 20227 "-" "Feedfetcher-Google; (+http://www.google.com/feedfetcher.html; 1 subscribers; feed-id=17545077081636950470)"
66.249.69.139 - - [26/Aug/2014:07:03:10 -0600] "GET /region/5/filter HTTP/1.1" 200 9607 "-" "Mozilla/5.0 (compatible; Googlebot/2.1; +http://www.google.com/bot.html)"
68.180.225.35 - - [26/Aug/2014:07:03:15 -0600] "GET /entry/946 HTTP/1.1" 200 6171 "-" "Mozilla/5.0 (compatible; Yahoo! Slurp; http://help.yahoo.com/help/us/ysearch/slurp)"
144.76.95.231 - - [26/Aug/2014:07:03:17 -0600] "GET /region/1178/map/veg_level=2 HTTP/1.0" 200 13546 "-" "Mozilla/5.0 (compatible; MJ12bot/v1.4.5; http://www.majestic12.co.uk/bot.php?+)"
157.55.39.147 - - [26/Aug/2014:07:03:24 -0600] "GET /region/1451/recent.atom HTTP/1.1" 200 3511 "-" "Mozilla/5.0 (compatible; bingbot/2.0; +http://www.bing.com/bingbot.htm)"
144.76.95.231 - - [26/Aug/2014:07:03:38 -0600] "GET /region/1178/printable/veg_level=2 HTTP/1.0" 200 1411 "-" "Mozilla/5.0 (compatible; MJ12bot/v1.4.5; http://www.majestic12.co.uk/bot.php?+)"
144.76.95.231 - - [26/Aug/2014:07:03:39 -0600] "GET /robots.txt HTTP/1.0" 200 151 "-" "Mozilla/5.0 (compatible; MJ12bot/v1.4.5; http://www.majestic12.co.uk/bot.php?+)"
37.58.100.142 - - [26/Aug/2014:07:03:44 -0600] "GET /entry/57 HTTP/1.1" 200 5420 "-" "Mozilla/5.0 (compatible; AhrefsBot/5.0; +http://ahrefs.com/robot/)"
96.57.120.187 - - [26/Aug/2014:07:03:51 -0600] "GET /entry/near/40.2258%2C-74.7431/filter?unit=mile;distance=25;sort_order=ASC;page=;order_by=distance;address=08609;limit= HTTP/1.1" 200 8783 "-" "Mozilla/5.0 (Windows NT 5.1) AppleWebKit/537.36 (KHTML, like Gecko) Chrome/36.0.1985.143 Safari/537.36"
96.57.120.187 - - [26/Aug/2014:07:03:51 -0600] "GET /7b0744/css/vegguide-combined.css HTTP/1.1" 200 20810 "-" "Mozilla/5.0 (Windows NT 5.1) AppleWebKit/537.36 (KHTML, like Gecko) Chrome/36.0.1985.143 Safari/537.36"
96.57.120.187 - - [26/Aug/2014:07:03:51 -0600] "GET /images/close-button.png HTTP/1.1" 200 693 "-" "Mozilla/5.0 (Windows NT 5.1) AppleWebKit/537.36 (KHTML, like Gecko) Chrome/36.0.1985.143 Safari/537.36"
96.57.120.187 - - [26/Aug/2014:07:03:51 -0600] "GET /7b0744/images/sort-none.gif HTTP/1.1" 200 79 "-" "Mozilla/5.0 (Windows NT 5.1) AppleWebKit/537.36 (KHTML, like Gecko) Chrome/36.0.1985.143 Safari/537.36"
96.57.120.187 - - [26/Aug/2014:07:03:51 -0600] "GET /images/vegguide-logo.png HTTP/1.1" 200 20540 "-" "Mozilla/5.0 (Windows NT 5.1) AppleWebKit/537.36 (KHTML, like Gecko) Chrome/36.0.1985.143 Safari/537.36"
96.57.120.187 - - [26/Aug/2014:07:03:51 -0600] "GET /7b0744/images/sort-up.gif HTTP/1.1" 200 84 "-" "Mozilla/5.0 (Windows NT 5.1) AppleWebKit/537.36 (KHTML, like Gecko) Chrome/36.0.1985.143 Safari/537.36"
96.57.120.187 - - [26/Aug/2014:07:03:51 -0600] "GET /7b0744/images/ratings/green-0-00.png HTTP/1.1" 200 791 "-" "Mozilla/5.0 (Windows NT 5.1) AppleWebKit/537.36 (KHTML, like Gecko) Chrome/36.0.1985.143 Safari/537.36"
96.57.120.187 - - [26/Aug/2014:07:03:51 -0600] "GET /7b0744/images/ratings/green-4-25.png HTTP/1.1" 200 896 "-" "Mozilla/5.0 (Windows NT 5.1) AppleWebKit/537.36 (KHTML, like Gecko) Chrome/36.0.1985.143 Safari/537.36"
96.57.120.187 - - [26/Aug/2014:07:03:51 -0600] "GET /7b0744/images/ratings/green-4-00.png HTTP/1.1" 200 1221 "-" "Mozilla/5.0 (Windows NT 5.1) AppleWebKit/537.36 (KHTML, like Gecko) Chrome/36.0.1985.143 Safari/537.36"
96.57.120.187 - - [26/Aug/2014:07:03:51 -0600] "GET /images/caa-logo.png HTTP/1.1" 200 10681 "-" "Mozilla/5.0 (Windows NT 5.1) AppleWebKit/537.36 (KHTML, like Gecko) Chrome/36.0.1985.143 Safari/537.36"
96.57.120.187 - - [26/Aug/2014:07:03:51 -0600] "GET /images/thl-logo.png HTTP/1.1" 200 2925 "-" "Mozilla/5.0 (Windows NT 5.1) AppleWebKit/537.36 (KHTML, like Gecko) Chrome/36.0.1985.143 Safari/537.36"
96.57.120.187 - - [26/Aug/2014:07:03:51 -0600] "GET /images/peta-logo.jpg HTTP/1.1" 200 14774 "-" "Mozilla/5.0 (Windows NT 5.1) AppleWebKit/537.36 (KHTML, like Gecko) Chrome/36.0.1985.143 Safari/537.36"
96.57.120.187 - - [26/Aug/2014:07:03:51 -0600] "GET /7b0744/js/vegguide-combined.js HTTP/1.1" 200 94167 "-" "Mozilla/5.0 (Windows NT 5.1) AppleWebKit/537.36 (KHTML, like Gecko) Chrome/36.0.1985.143 Safari/537.36"
96.57.120.187 - - [26/Aug/2014:07:03:52 -0600] "GET /images/cok-logo.png HTTP/1.1" 200 8577 "-" "Mozilla/5.0 (Windows NT 5.1) AppleWebKit/537.36 (KHTML, like Gecko) Chrome/36.0.1985.143 Safari/537.36"
96.57.120.187 - - [26/Aug/2014:07:03:52 -0600] "GET /images/fs-logo.png HTTP/1.1" 200 10293 "-" "Mozilla/5.0 (Windows NT 5.1) AppleWebKit/537.36 (KHTML, like Gecko) Chrome/36.0.1985.143 Safari/537.36"
96.57.120.187 - - [26/Aug/2014:07:03:52 -0600] "GET /images/vo-logo.gif HTTP/1.1" 200 1553 "-" "Mozilla/5.0 (Windows NT 5.1) AppleWebKit/537.36 (KHTML, like Gecko) Chrome/36.0.1985.143 Safari/537.36"
96.57.120.187 - - [26/Aug/2014:07:03:52 -0600] "GET /images/loader.gif HTTP/1.1" 200 3208 "-" "Mozilla/5.0 (Windows NT 5.1) AppleWebKit/537.36 (KHTML, like Gecko) Chrome/36.0.1985.143 Safari/537.36"
96.57.120.187 - - [26/Aug/2014:07:03:52 -0600] "GET /images/transparent.gif HTTP/1.1" 200 49 "-" "Mozilla/5.0 (Windows NT 5.1) AppleWebKit/537.36 (KHTML, like Gecko) Chrome/36.0.1985.143 Safari/537.36"
96.57.120.187 - - [26/Aug/2014:07:03:52 -0600] "GET /images/favicon.ico HTTP/1.1" 200 1022 "-" "Mozilla/5.0 (Windows NT 5.1) AppleWebKit/537.36 (KHTML, like Gecko) Chrome/36.0.1985.143 Safari/537.36"
157.55.39.148 - - [26/Aug/2014:07:03:54 -0600] "GET /region/440 HTTP/1.1" 200 8583 "-" "Mozilla/5.0 (compatible; bingbot/2.0; +http://www.bing.com/bingbot.htm)"
65.55.215.246 - - [26/Aug/2014:07:03:56 -0600] "GET /entry/7664 HTTP/1.1" 200 4744 "-" "Mozilla/5.0 (compatible; MSIE 9.0; Windows NT 6.1; Trident/5.0;  Trident/5.0)"
65.55.215.246 - - [26/Aug/2014:07:03:58 -0600] "GET /7b0744/css/vegguide-combined.css HTTP/1.1" 200 20810 "-" "Mozilla/5.0 (compatible; MSIE 9.0; Windows NT 6.1; Trident/5.0;  Trident/5.0)"
65.55.215.246 - - [26/Aug/2014:07:03:58 -0600] "GET /7b0744/js/vegguide-combined.js HTTP/1.1" 200 94167 "-" "Mozilla/5.0 (compatible; MSIE 9.0; Windows NT 6.1; Trident/5.0;  Trident/5.0)"
68.180.225.35 - - [26/Aug/2014:07:04:00 -0600] "GET /entry/1798 HTTP/1.1" 200 5164 "-" "Mozilla/5.0 (compatible; Yahoo! Slurp; http://help.yahoo.com/help/us/ysearch/slurp)"
144.76.95.231 - - [26/Aug/2014:07:04:02 -0600] "GET /region/124/filter/veg_level=2;category_id=1?sort_order=ASC;page=1;order_by=name;limit=0 HTTP/1.0" 200 49720 "-" "Mozilla/5.0 (compatible; MJ12bot/v1.4.5; http://www.majestic12.co.uk/bot.php?+)"
131.253.24.97 - - [26/Aug/2014:07:04:10 -0600] "GET /entry/17851 HTTP/1.1" 200 5054 "-" "Mozilla/5.0 (compatible; MSIE 9.0; Windows NT 6.1; Trident/5.0;  Trident/5.0)"
131.253.24.97 - - [26/Aug/2014:07:04:12 -0600] "GET /7b0744/css/vegguide-combined.css HTTP/1.1" 200 20810 "-" "Mozilla/5.0 (compatible; MSIE 9.0; Windows NT 6.1; Trident/5.0;  Trident/5.0)"
131.253.24.97 - - [26/Aug/2014:07:04:13 -0600] "GET /7b0744/js/vegguide-combined.js HTTP/1.1" 200 94167 "-" "Mozilla/5.0 (compatible; MSIE 9.0; Windows NT 6.1; Trident/5.0;  Trident/5.0)"
66.249.69.161 - - [26/Aug/2014:07:04:18 -0600] "GET /entry/1517/reviews HTTP/1.1" 200 3612 "-" "Mozilla/5.0 (compatible; Googlebot/2.1; +http://www.google.com/bot.html)"
66.249.69.161 - - [26/Aug/2014:07:04:23 -0600] "GET /entry/4016 HTTP/1.1" 200 5574 "-" "SAMSUNG-SGH-E250/1.0 Profile/MIDP-2.0 Configuration/CLDC-1.1 UP.Browser/6.2.3.3.c.1.101 (GUI) MMP/2.0 (compatible; Googlebot-Mobile/2.1; +http://www.google.com/bot.html)"
157.55.39.70 - - [26/Aug/2014:07:04:24 -0600] "GET /entry/5815 HTTP/1.1" 200 5283 "-" "Mozilla/5.0 (compatible; bingbot/2.0; +http://www.bing.com/bingbot.htm)"
144.76.95.231 - - [26/Aug/2014:07:04:25 -0600] "GET /region/1306 HTTP/1.0" 200 8935 "-" "Mozilla/5.0 (compatible; MJ12bot/v1.4.5; http://www.majestic12.co.uk/bot.php?+)"
144.76.95.231 - - [26/Aug/2014:07:04:27 -0600] "GET /robots.txt HTTP/1.0" 200 151 "-" "Mozilla/5.0 (compatible; MJ12bot/v1.4.5; http://www.majestic12.co.uk/bot.php?+)"
23.239.8.38 - - [26/Aug/2014:07:04:31 -0600] "GET / HTTP/1.1" 301 178 "-" "check_http/v1.4.15 (nagios-plugins 1.4.15)"
23.239.8.38 - - [26/Aug/2014:07:04:31 -0600] "GET / HTTP/1.1" 200 10098 "-" "check_http/v1.4.15 (nagios-plugins 1.4.15)"
183.60.214.53 - - [26/Aug/2014:07:04:39 -0600] "GET /region/578 HTTP/1.1" 200 7881 "-" "Mozilla/5.0 (compatible; EasouSpider; +http://www.easou.com/search/spider.html)"
68.180.225.35 - - [26/Aug/2014:07:04:45 -0600] "GET /entry/near/41.7784%2C-88.2424/filter?unit=mile;distance=25;sort_order=ASC;page=;order_by=distance;address=60519;limit= HTTP/1.1" 200 8918 "-" "Mozilla/5.0 (compatible; Yahoo! Slurp; http://help.yahoo.com/help/us/ysearch/slurp)"
37.58.100.142 - - [26/Aug/2014:07:04:46 -0600] "GET /entry/8752 HTTP/1.1" 200 4291 "-" "Mozilla/5.0 (compatible; AhrefsBot/5.0; +http://ahrefs.com/robot/)"
24.44.97.148 - - [26/Aug/2014:07:04:47 -0600] "GET /favicon.ico HTTP/1.1" 200 1022 "-" "Mozilla/5.0 (iPad; CPU OS 7_1_2 like Mac OS X) AppleWebKit/537.51.2 (KHTML, like Gecko) Version/7.0 Mobile/11D257 Safari/9537.53"
144.76.95.231 - - [26/Aug/2014:07:04:47 -0600] "GET /region/1640 HTTP/1.0" 200 17114 "-" "Mozilla/5.0 (compatible; MJ12bot/v1.4.5; http://www.majestic12.co.uk/bot.php?+)"
157.55.39.71 - - [26/Aug/2014:07:04:54 -0600] "GET /region/737/comment_form HTTP/1.1" 302 338 "-" "Mozilla/5.0 (compatible; bingbot/2.0; +http://www.bing.com/bingbot.htm)"
183.60.214.53 - - [26/Aug/2014:07:05:01 -0600] "GET /region/256 HTTP/1.1" 200 9511 "-" "Mozilla/5.0 (compatible; EasouSpider; +http://www.easou.com/search/spider.html)"
144.76.95.231 - - [26/Aug/2014:07:05:08 -0600] "GET /region/1670 HTTP/1.0" 200 19641 "-" "Mozilla/5.0 (compatible; MJ12bot/v1.4.5; http://www.majestic12.co.uk/bot.php?+)"
37.58.100.142 - - [26/Aug/2014:07:05:09 -0600] "GET /entry/near/37.1543%2C-110.743/filter/category_id=1?unit=mile;distance=10;sort_order=ASC;page=1;order_by=distance;address=84536;limit=20 HTTP/1.1" 200 6316 "-" "Mozilla/5.0 (compatible; AhrefsBot/5.0; +http://ahrefs.com/robot/)"
75.69.250.108 - - [26/Aug/2014:07:05:11 -0600] "GET / HTTP/1.1" 200 3901 "-" "Mozilla/5.0 (Macintosh; Intel Mac OS X 10_9_2) AppleWebKit/537.36 (KHTML, like Gecko) Chrome/36.0.1985.143 Safari/537.36"
75.69.250.108 - - [26/Aug/2014:07:05:11 -0600] "GET /7b0744/css/vegguide-combined.css HTTP/1.1" 200 20810 "-" "Mozilla/5.0 (Macintosh; Intel Mac OS X 10_9_2) AppleWebKit/537.36 (KHTML, like Gecko) Chrome/36.0.1985.143 Safari/537.36"
75.69.250.108 - - [26/Aug/2014:07:05:11 -0600] "GET /images/vegguide-logo-front-page.png HTTP/1.1" 200 16471 "-" "Mozilla/5.0 (Macintosh; Intel Mac OS X 10_9_2) AppleWebKit/537.36 (KHTML, like Gecko) Chrome/36.0.1985.143 Safari/537.36"
75.69.250.108 - - [26/Aug/2014:07:05:11 -0600] "GET /images/close-button.png HTTP/1.1" 200 693 "-" "Mozilla/5.0 (Macintosh; Intel Mac OS X 10_9_2) AppleWebKit/537.36 (KHTML, like Gecko) Chrome/36.0.1985.143 Safari/537.36"
75.69.250.108 - - [26/Aug/2014:07:05:11 -0600] "GET /images/caa-logo.png HTTP/1.1" 200 10681 "-" "Mozilla/5.0 (Macintosh; Intel Mac OS X 10_9_2) AppleWebKit/537.36 (KHTML, like Gecko) Chrome/36.0.1985.143 Safari/537.36"
75.69.250.108 - - [26/Aug/2014:07:05:11 -0600] "GET /images/thl-logo.png HTTP/1.1" 200 2925 "-" "Mozilla/5.0 (Macintosh; Intel Mac OS X 10_9_2) AppleWebKit/537.36 (KHTML, like Gecko) Chrome/36.0.1985.143 Safari/537.36"
75.69.250.108 - - [26/Aug/2014:07:05:11 -0600] "GET /images/peta-logo.jpg HTTP/1.1" 200 14774 "-" "Mozilla/5.0 (Macintosh; Intel Mac OS X 10_9_2) AppleWebKit/537.36 (KHTML, like Gecko) Chrome/36.0.1985.143 Safari/537.36"
75.69.250.108 - - [26/Aug/2014:07:05:11 -0600] "GET /images/cok-logo.png HTTP/1.1" 200 8577 "-" "Mozilla/5.0 (Macintosh; Intel Mac OS X 10_9_2) AppleWebKit/537.36 (KHTML, like Gecko) Chrome/36.0.1985.143 Safari/537.36"
75.69.250.108 - - [26/Aug/2014:07:05:11 -0600] "GET /images/fs-logo.png HTTP/1.1" 200 10293 "-" "Mozilla/5.0 (Macintosh; Intel Mac OS X 10_9_2) AppleWebKit/537.36 (KHTML, like Gecko) Chrome/36.0.1985.143 Safari/537.36"
75.69.250.108 - - [26/Aug/2014:07:05:12 -0600] "GET /images/vo-logo.gif HTTP/1.1" 200 1553 "-" "Mozilla/5.0 (Macintosh; Intel Mac OS X 10_9_2) AppleWebKit/537.36 (KHTML, like Gecko) Chrome/36.0.1985.143 Safari/537.36"
75.69.250.108 - - [26/Aug/2014:07:05:12 -0600] "GET /7b0744/js/vegguide-combined.js HTTP/1.1" 200 94167 "-" "Mozilla/5.0 (Macintosh; Intel Mac OS X 10_9_2) AppleWebKit/537.36 (KHTML, like Gecko) Chrome/36.0.1985.143 Safari/537.36"
75.69.250.108 - - [26/Aug/2014:07:05:12 -0600] "GET /images/transparent.gif HTTP/1.1" 200 49 "-" "Mozilla/5.0 (Macintosh; Intel Mac OS X 10_9_2) AppleWebKit/537.36 (KHTML, like Gecko) Chrome/36.0.1985.143 Safari/537.36"
75.69.250.108 - - [26/Aug/2014:07:05:12 -0600] "GET /images/loader.gif HTTP/1.1" 200 3208 "-" "Mozilla/5.0 (Macintosh; Intel Mac OS X 10_9_2) AppleWebKit/537.36 (KHTML, like Gecko) Chrome/36.0.1985.143 Safari/537.36"
75.69.250.108 - - [26/Aug/2014:07:05:12 -0600] "GET /static/opensearch_desc.xml HTTP/1.1" 200 411 "-" "Mozilla/5.0 (Macintosh; Intel Mac OS X 10_9_2) AppleWebKit/537.36 (KHTML, like Gecko) Chrome/36.0.1985.143 Safari/537.36"
75.69.250.108 - - [26/Aug/2014:07:05:12 -0600] "GET /images/favicon.ico HTTP/1.1" 200 1022 "-" "Mozilla/5.0 (Macintosh; Intel Mac OS X 10_9_2) AppleWebKit/537.36 (KHTML, like Gecko) Chrome/36.0.1985.143 Safari/537.36"
157.55.39.70 - - [26/Aug/2014:07:05:24 -0600] "GET /entry/1017 HTTP/1.1" 200 5333 "-" "Mozilla/5.0 (compatible; bingbot/2.0; +http://www.bing.com/bingbot.htm)"
66.249.69.161 - - [26/Aug/2014:07:05:27 -0600] "GET /region/2077/stats HTTP/1.1" 200 3066 "-" "Mozilla/5.0 (compatible; Googlebot/2.1; +http://www.google.com/bot.html)"
68.180.225.35 - - [26/Aug/2014:07:05:30 -0600] "GET /region/2679/recent.rss HTTP/1.1" 200 1497 "-" "Mozilla/5.0 (compatible; Yahoo! Slurp; http://help.yahoo.com/help/us/ysearch/slurp)"
144.76.95.231 - - [26/Aug/2014:07:05:30 -0600] "GET /region/1719/filter/veg_level=2 HTTP/1.0" 200 35783 "-" "Mozilla/5.0 (compatible; MJ12bot/v1.4.5; http://www.majestic12.co.uk/bot.php?+)"
37.58.100.142 - - [26/Aug/2014:07:05:39 -0600] "GET /region/1896 HTTP/1.1" 200 3057 "-" "Mozilla/5.0 (compatible; AhrefsBot/5.0; +http://ahrefs.com/robot/)"
202.46.54.153 - - [26/Aug/2014:07:05:43 -0600] "GET /region/218robots.txt HTTP/1.1" 302 280 "-" "Mozilla/5.0 (Windows NT 5.1; rv:6.0.2) Gecko/20100101 Firefox/6.0.2"
202.46.52.135 - - [26/Aug/2014:07:05:44 -0600] "GET / HTTP/1.1" 200 3915 "-" "Mozilla/5.0 (Windows NT 5.1; rv:6.0.2) Gecko/20100101 Firefox/6.0.2"
88.198.26.200 - - [26/Aug/2014:07:05:49 -0600] "GET /site/recent.atom HTTP/1.1" 200 20526 "-" "Mozilla/5.0 (X11; compatible; semantic-visions.com crawler; HTTPClient 3.1)"
88.198.26.200 - - [26/Aug/2014:07:05:49 -0600] "GET /entry/20252 HTTP/1.1" 200 4599 "-" "Mozilla/5.0 (X11; compatible; semantic-visions.com crawler; HTTPClient 3.1)"
88.198.26.200 - - [26/Aug/2014:07:05:49 -0600] "GET /entry/20244 HTTP/1.1" 200 4562 "-" "Mozilla/5.0 (X11; compatible; semantic-visions.com crawler; HTTPClient 3.1)"
88.198.26.200 - - [26/Aug/2014:07:05:50 -0600] "GET /entry/20243 HTTP/1.1" 200 4560 "-" "Mozilla/5.0 (X11; compatible; semantic-visions.com crawler; HTTPClient 3.1)"
88.198.26.200 - - [26/Aug/2014:07:05:50 -0600] "GET /entry/18343/reviews HTTP/1.1" 200 3507 "-" "Mozilla/5.0 (X11; compatible; semantic-visions.com crawler; HTTPClient 3.1)"
144.76.95.231 - - [26/Aug/2014:07:05:52 -0600] "GET /region/1719/filter?sort_order=ASC;page=1;order_by=name;limit=20 HTTP/1.0" 200 36353 "-" "Mozilla/5.0 (compatible; MJ12bot/v1.4.5; http://www.majestic12.co.uk/bot.php?+)"
87.253.132.203 - - [26/Aug/2014:07:05:52 -0600] "HEAD /region/60.rss HTTP/1.1" 200 0 "-" "Owlin Bot v. 3.0"
144.76.95.231 - - [26/Aug/2014:07:05:53 -0600] "GET /robots.txt HTTP/1.0" 200 151 "-" "Mozilla/5.0 (compatible; MJ12bot/v1.4.5; http://www.majestic12.co.uk/bot.php?+)"
157.55.39.71 - - [26/Aug/2014:07:05:54 -0600] "GET /region/513/map/category_id=1 HTTP/1.1" 200 7942 "-" "Mozilla/5.0 (compatible; bingbot/2.0; +http://www.bing.com/bingbot.htm)"
37.58.100.142 - - [26/Aug/2014:07:05:58 -0600] "GET /entry/near/48.2023%2C-106.632/filter/veg_level=2?unit=km;distance=5;sort_order=ASC;page=1;order_by=name;address=59230;limit=20 HTTP/1.1" 200 6314 "-" "Mozilla/5.0 (compatible; AhrefsBot/5.0; +http://ahrefs.com/robot/)"
68.180.225.35 - - [26/Aug/2014:07:06:15 -0600] "GET /entry/20204 HTTP/1.1" 200 4489 "-" "Mozilla/5.0 (compatible; Yahoo! Slurp; http://help.yahoo.com/help/us/ysearch/slurp)"
66.249.69.193 - - [26/Aug/2014:07:06:15 -0600] "GET /entry-images/21/21-5229-mini.jpg HTTP/1.1" 200 41259 "-" "Googlebot-Image/1.0"
144.76.95.231 - - [26/Aug/2014:07:06:16 -0600] "GET /region/1719/filter?sort_order=DESC;page=1;order_by=how_veg;limit=20 HTTP/1.0" 200 36359 "-" "Mozilla/5.0 (compatible; MJ12bot/v1.4.5; http://www.majestic12.co.uk/bot.php?+)"
157.55.39.70 - - [26/Aug/2014:07:06:24 -0600] "GET /entry/2562 HTTP/1.1" 200 4816 "-" "Mozilla/5.0 (compatible; bingbot/2.0; +http://www.bing.com/bingbot.htm)"
131.253.24.86 - - [26/Aug/2014:07:06:26 -0600] "GET /region/737 HTTP/1.1" 200 4694 "-" "Mozilla/5.0 (compatible; MSIE 9.0; Windows NT 6.0; Trident/5.0;  Trident/5.0)"
131.253.24.86 - - [26/Aug/2014:07:06:27 -0600] "GET /7b0744/css/vegguide-combined.css HTTP/1.1" 200 20810 "-" "Mozilla/5.0 (compatible; MSIE 9.0; Windows NT 6.0; Trident/5.0;  Trident/5.0)"
131.253.24.86 - - [26/Aug/2014:07:06:28 -0600] "GET /7b0744/js/vegguide-combined.js HTTP/1.1" 200 94167 "-" "Mozilla/5.0 (compatible; MSIE 9.0; Windows NT 6.0; Trident/5.0;  Trident/5.0)"
199.30.20.1 - - [26/Aug/2014:07:06:34 -0600] "GET /robots.txt HTTP/1.1" 200 151 "-" "msnbot-media/1.1 (+http://search.msn.com/msnbot.htm)"
199.30.20.1 - - [26/Aug/2014:07:06:35 -0600] "GET /entry-images/2127/2127-878-small.jpg HTTP/1.1" 200 39807 "-" "msnbot-media/1.1 (+http://search.msn.com/msnbot.htm)"
66.249.69.107 - - [26/Aug/2014:07:06:36 -0600] "GET /region/270 HTTP/1.1" 200 4703 "-" "Mozilla/5.0 (compatible; Googlebot/2.1; +http://www.google.com/bot.html)"
185.10.104.196 - - [26/Aug/2014:07:06:37 -0600] "GET /region/218 HTTP/1.1" 200 9685 "-" "Mozilla/5.0 (compatible; Baiduspider/2.0; +http://www.baidu.com/search/spider.html)"
144.76.95.231 - - [26/Aug/2014:07:06:38 -0600] "GET /region/1719/recent.atom HTTP/1.0" 200 8181 "-" "Mozilla/5.0 (compatible; MJ12bot/v1.4.5; http://www.majestic12.co.uk/bot.php?+)"
54.235.97.10 - - [26/Aug/2014:07:06:41 -0600] "GET /region/67.rss HTTP/1.1" 200 742085 "-" "RSSGraffiti"
66.249.69.193 - - [26/Aug/2014:07:06:52 -0600] "GET /region/13/recent.atom HTTP/1.1" 200 20558 "-" "Mozilla/5.0 (compatible; Googlebot/2.1; +http://www.google.com/bot.html)"
157.55.39.71 - - [26/Aug/2014:07:06:54 -0600] "GET /entry/17830 HTTP/1.1" 200 4947 "-" "Mozilla/5.0 (compatible; bingbot/2.0; +http://www.bing.com/bingbot.htm)"
144.76.95.231 - - [26/Aug/2014:07:06:59 -0600] "GET /region/1719/recent.rss HTTP/1.0" 200 8059 "-" "Mozilla/5.0 (compatible; MJ12bot/v1.4.5; http://www.majestic12.co.uk/bot.php?+)"
68.180.225.35 - - [26/Aug/2014:07:07:00 -0600] "GET /entry/12041 HTTP/1.1" 200 4565 "-" "Mozilla/5.0 (compatible; Yahoo! Slurp; http://help.yahoo.com/help/us/ysearch/slurp)"
86.97.90.246 - - [26/Aug/2014:07:07:08 -0600] "GET /region/817 HTTP/1.1" 200 9017 "-" "Mozilla/5.0 (Macintosh; Intel Mac OS X 10_9_4) AppleWebKit/537.78.2 (KHTML, like Gecko) Version/7.0.6 Safari/537.78.2"
86.97.90.246 - - [26/Aug/2014:07:07:08 -0600] "GET /7b0744/css/vegguide-combined.css HTTP/1.1" 200 20810 "-" "Mozilla/5.0 (Macintosh; Intel Mac OS X 10_9_4) AppleWebKit/537.78.2 (KHTML, like Gecko) Version/7.0.6 Safari/537.78.2"
86.97.90.246 - - [26/Aug/2014:07:07:09 -0600] "GET /7b0744/js/vegguide-combined.js HTTP/1.1" 200 94167 "-" "Mozilla/5.0 (Macintosh; Intel Mac OS X 10_9_4) AppleWebKit/537.78.2 (KHTML, like Gecko) Version/7.0.6 Safari/537.78.2"
86.97.90.246 - - [26/Aug/2014:07:07:10 -0600] "GET /images/transparent.gif HTTP/1.1" 200 49 "-" "Mozilla/5.0 (Macintosh; Intel Mac OS X 10_9_4) AppleWebKit/537.78.2 (KHTML, like Gecko) Version/7.0.6 Safari/537.78.2"
86.97.90.246 - - [26/Aug/2014:07:07:10 -0600] "GET /images/vegguide-logo.png HTTP/1.1" 200 20540 "-" "Mozilla/5.0 (Macintosh; Intel Mac OS X 10_9_4) AppleWebKit/537.78.2 (KHTML, like Gecko) Version/7.0.6 Safari/537.78.2"
86.97.90.246 - - [26/Aug/2014:07:07:10 -0600] "GET /images/loader.gif HTTP/1.1" 200 3208 "-" "Mozilla/5.0 (Macintosh; Intel Mac OS X 10_9_4) AppleWebKit/537.78.2 (KHTML, like Gecko) Version/7.0.6 Safari/537.78.2"
82.132.236.222 - - [26/Aug/2014:07:07:10 -0600] "GET /region/553 HTTP/1.1" 200 8136 "-" "Mozilla/5.0 (Linux; U; Android 4.3; en-gb; GT-I9300 Build/JSS15J) AppleWebKit/534.30 (KHTML, like Gecko) Version/4.0 Mobile Safari/534.30"
86.97.90.246 - - [26/Aug/2014:07:07:10 -0600] "GET /images/close-button.png HTTP/1.1" 200 693 "-" "Mozilla/5.0 (Macintosh; Intel Mac OS X 10_9_4) AppleWebKit/537.78.2 (KHTML, like Gecko) Version/7.0.6 Safari/537.78.2"
86.97.90.246 - - [26/Aug/2014:07:07:10 -0600] "GET /7b0744/images/ratings/green-0-00.png HTTP/1.1" 200 791 "-" "Mozilla/5.0 (Macintosh; Intel Mac OS X 10_9_4) AppleWebKit/537.78.2 (KHTML, like Gecko) Version/7.0.6 Safari/537.78.2"
86.97.90.246 - - [26/Aug/2014:07:07:10 -0600] "GET /7b0744/images/ratings/green-4-25.png HTTP/1.1" 200 896 "-" "Mozilla/5.0 (Macintosh; Intel Mac OS X 10_9_4) AppleWebKit/537.78.2 (KHTML, like Gecko) Version/7.0.6 Safari/537.78.2"
86.97.90.246 - - [26/Aug/2014:07:07:10 -0600] "GET /7b0744/images/sort-none.gif HTTP/1.1" 200 79 "-" "Mozilla/5.0 (Macintosh; Intel Mac OS X 10_9_4) AppleWebKit/537.78.2 (KHTML, like Gecko) Version/7.0.6 Safari/537.78.2"
86.97.90.246 - - [26/Aug/2014:07:07:10 -0600] "GET /7b0744/images/ratings/green-3-75.png HTTP/1.1" 200 1263 "-" "Mozilla/5.0 (Macintosh; Intel Mac OS X 10_9_4) AppleWebKit/537.78.2 (KHTML, like Gecko) Version/7.0.6 Safari/537.78.2"
86.97.90.246 - - [26/Aug/2014:07:07:10 -0600] "GET /7b0744/images/sort-up.gif HTTP/1.1" 200 84 "-" "Mozilla/5.0 (Macintosh; Intel Mac OS X 10_9_4) AppleWebKit/537.78.2 (KHTML, like Gecko) Version/7.0.6 Safari/537.78.2"
82.132.236.222 - - [26/Aug/2014:07:07:10 -0600] "GET /7b0744/css/vegguide-combined.css HTTP/1.1" 200 20810 "-" "Mozilla/5.0 (Linux; U; Android 4.3; en-gb; GT-I9300 Build/JSS15J) AppleWebKit/534.30 (KHTML, like Gecko) Version/4.0 Mobile Safari/534.30"
86.97.90.246 - - [26/Aug/2014:07:07:10 -0600] "GET /images/caa-logo.png HTTP/1.1" 200 10681 "-" "Mozilla/5.0 (Macintosh; Intel Mac OS X 10_9_4) AppleWebKit/537.78.2 (KHTML, like Gecko) Version/7.0.6 Safari/537.78.2"
86.97.90.246 - - [26/Aug/2014:07:07:10 -0600] "GET /images/thl-logo.png HTTP/1.1" 200 2925 "-" "Mozilla/5.0 (Macintosh; Intel Mac OS X 10_9_4) AppleWebKit/537.78.2 (KHTML, like Gecko) Version/7.0.6 Safari/537.78.2"
86.97.90.246 - - [26/Aug/2014:07:07:10 -0600] "GET /images/cok-logo.png HTTP/1.1" 200 8577 "-" "Mozilla/5.0 (Macintosh; Intel Mac OS X 10_9_4) AppleWebKit/537.78.2 (KHTML, like Gecko) Version/7.0.6 Safari/537.78.2"
86.97.90.246 - - [26/Aug/2014:07:07:10 -0600] "GET /images/peta-logo.jpg HTTP/1.1" 200 14774 "-" "Mozilla/5.0 (Macintosh; Intel Mac OS X 10_9_4) AppleWebKit/537.78.2 (KHTML, like Gecko) Version/7.0.6 Safari/537.78.2"
86.97.90.246 - - [26/Aug/2014:07:07:10 -0600] "GET /images/fs-logo.png HTTP/1.1" 200 10293 "-" "Mozilla/5.0 (Macintosh; Intel Mac OS X 10_9_4) AppleWebKit/537.78.2 (KHTML, like Gecko) Version/7.0.6 Safari/537.78.2"
86.97.90.246 - - [26/Aug/2014:07:07:11 -0600] "GET /images/vo-logo.gif HTTP/1.1" 200 1553 "-" "Mozilla/5.0 (Macintosh; Intel Mac OS X 10_9_4) AppleWebKit/537.78.2 (KHTML, like Gecko) Version/7.0.6 Safari/537.78.2"
82.132.236.222 - - [26/Aug/2014:07:07:11 -0600] "GET /7b0744/js/vegguide-combined.js HTTP/1.1" 200 94167 "-" "Mozilla/5.0 (Linux; U; Android 4.3; en-gb; GT-I9300 Build/JSS15J) AppleWebKit/534.30 (KHTML, like Gecko) Version/4.0 Mobile Safari/534.30"
86.97.90.246 - - [26/Aug/2014:07:07:11 -0600] "GET /images/favicon.ico HTTP/1.1" 200 1022 "-" "Mozilla/5.0 (Macintosh; Intel Mac OS X 10_9_4) AppleWebKit/537.78.2 (KHTML, like Gecko) Version/7.0.6 Safari/537.78.2"
82.132.236.222 - - [26/Aug/2014:07:07:11 -0600] "GET /images/loader.gif HTTP/1.1" 200 3208 "-" "Mozilla/5.0 (Linux; U; Android 4.3; en-gb; GT-I9300 Build/JSS15J) AppleWebKit/534.30 (KHTML, like Gecko) Version/4.0 Mobile Safari/534.30"
82.132.236.222 - - [26/Aug/2014:07:07:12 -0600] "GET /images/transparent.gif HTTP/1.1" 200 49 "-" "Mozilla/5.0 (Linux; U; Android 4.3; en-gb; GT-I9300 Build/JSS15J) AppleWebKit/534.30 (KHTML, like Gecko) Version/4.0 Mobile Safari/534.30"
82.132.236.222 - - [26/Aug/2014:07:07:12 -0600] "GET /images/fs-logo.png HTTP/1.1" 200 10293 "-" "Mozilla/5.0 (Linux; U; Android 4.3; en-gb; GT-I9300 Build/JSS15J) AppleWebKit/534.30 (KHTML, like Gecko) Version/4.0 Mobile Safari/534.30"
82.132.236.222 - - [26/Aug/2014:07:07:12 -0600] "GET /images/vegguide-logo.png HTTP/1.1" 200 20540 "-" "Mozilla/5.0 (Linux; U; Android 4.3; en-gb; GT-I9300 Build/JSS15J) AppleWebKit/534.30 (KHTML, like Gecko) Version/4.0 Mobile Safari/534.30"
82.132.236.222 - - [26/Aug/2014:07:07:12 -0600] "GET /images/vo-logo.gif HTTP/1.1" 200 1553 "-" "Mozilla/5.0 (Linux; U; Android 4.3; en-gb; GT-I9300 Build/JSS15J) AppleWebKit/534.30 (KHTML, like Gecko) Version/4.0 Mobile Safari/534.30"
82.132.236.222 - - [26/Aug/2014:07:07:12 -0600] "GET /images/close-button.png HTTP/1.1" 200 693 "-" "Mozilla/5.0 (Linux; U; Android 4.3; en-gb; GT-I9300 Build/JSS15J) AppleWebKit/534.30 (KHTML, like Gecko) Version/4.0 Mobile Safari/534.30"
82.132.236.222 - - [26/Aug/2014:07:07:12 -0600] "GET /7b0744/images/sort-up.gif HTTP/1.1" 200 84 "-" "Mozilla/5.0 (Linux; U; Android 4.3; en-gb; GT-I9300 Build/JSS15J) AppleWebKit/534.30 (KHTML, like Gecko) Version/4.0 Mobile Safari/534.30"
82.132.236.222 - - [26/Aug/2014:07:07:12 -0600] "GET /7b0744/images/sort-none.gif HTTP/1.1" 200 79 "-" "Mozilla/5.0 (Linux; U; Android 4.3; en-gb; GT-I9300 Build/JSS15J) AppleWebKit/534.30 (KHTML, like Gecko) Version/4.0 Mobile Safari/534.30"
82.132.236.222 - - [26/Aug/2014:07:07:12 -0600] "GET /7b0744/images/ratings/green-4-25.png HTTP/1.1" 200 896 "-" "Mozilla/5.0 (Linux; U; Android 4.3; en-gb; GT-I9300 Build/JSS15J) AppleWebKit/534.30 (KHTML, like Gecko) Version/4.0 Mobile Safari/534.30"
82.132.236.222 - - [26/Aug/2014:07:07:12 -0600] "GET /7b0744/images/ratings/green-3-25.png HTTP/1.1" 200 1320 "-" "Mozilla/5.0 (Linux; U; Android 4.3; en-gb; GT-I9300 Build/JSS15J) AppleWebKit/534.30 (KHTML, like Gecko) Version/4.0 Mobile Safari/534.30"
82.132.236.222 - - [26/Aug/2014:07:07:12 -0600] "GET /7b0744/images/ratings/green-4-00.png HTTP/1.1" 200 1221 "-" "Mozilla/5.0 (Linux; U; Android 4.3; en-gb; GT-I9300 Build/JSS15J) AppleWebKit/534.30 (KHTML, like Gecko) Version/4.0 Mobile Safari/534.30"
82.132.236.222 - - [26/Aug/2014:07:07:12 -0600] "GET /7b0744/images/ratings/green-4-50.png HTTP/1.1" 200 878 "-" "Mozilla/5.0 (Linux; U; Android 4.3; en-gb; GT-I9300 Build/JSS15J) AppleWebKit/534.30 (KHTML, like Gecko) Version/4.0 Mobile Safari/534.30"
82.132.236.222 - - [26/Aug/2014:07:07:12 -0600] "GET /7b0744/images/ratings/green-0-00.png HTTP/1.1" 200 791 "-" "Mozilla/5.0 (Linux; U; Android 4.3; en-gb; GT-I9300 Build/JSS15J) AppleWebKit/534.30 (KHTML, like Gecko) Version/4.0 Mobile Safari/534.30"
82.132.236.222 - - [26/Aug/2014:07:07:12 -0600] "GET /7b0744/images/ratings/green-3-50.png HTTP/1.1" 200 1283 "-" "Mozilla/5.0 (Linux; U; Android 4.3; en-gb; GT-I9300 Build/JSS15J) AppleWebKit/534.30 (KHTML, like Gecko) Version/4.0 Mobile Safari/534.30"
82.132.236.222 - - [26/Aug/2014:07:07:12 -0600] "GET /images/caa-logo.png HTTP/1.1" 200 10681 "-" "Mozilla/5.0 (Linux; U; Android 4.3; en-gb; GT-I9300 Build/JSS15J) AppleWebKit/534.30 (KHTML, like Gecko) Version/4.0 Mobile Safari/534.30"
82.132.236.222 - - [26/Aug/2014:07:07:12 -0600] "GET /images/thl-logo.png HTTP/1.1" 200 2925 "-" "Mozilla/5.0 (Linux; U; Android 4.3; en-gb; GT-I9300 Build/JSS15J) AppleWebKit/534.30 (KHTML, like Gecko) Version/4.0 Mobile Safari/534.30"
82.132.236.222 - - [26/Aug/2014:07:07:12 -0600] "GET /images/peta-logo.jpg HTTP/1.1" 200 14774 "-" "Mozilla/5.0 (Linux; U; Android 4.3; en-gb; GT-I9300 Build/JSS15J) AppleWebKit/534.30 (KHTML, like Gecko) Version/4.0 Mobile Safari/534.30"
82.132.236.222 - - [26/Aug/2014:07:07:12 -0600] "GET /images/cok-logo.png HTTP/1.1" 200 8577 "-" "Mozilla/5.0 (Linux; U; Android 4.3; en-gb; GT-I9300 Build/JSS15J) AppleWebKit/534.30 (KHTML, like Gecko) Version/4.0 Mobile Safari/534.30"
82.132.236.222 - - [26/Aug/2014:07:07:18 -0600] "GET /images/favicon.ico HTTP/1.1" 200 1022 "-" "Mozilla/5.0 (Linux; U; Android 4.3; en-gb; GT-I9300 Build/JSS15J) AppleWebKit/534.30 (KHTML, like Gecko) Version/4.0 Mobile Safari/534.30"
37.58.100.142 - - [26/Aug/2014:07:07:19 -0600] "GET /entry/15370 HTTP/1.1" 200 5251 "-" "Mozilla/5.0 (compatible; AhrefsBot/5.0; +http://ahrefs.com/robot/)"
199.21.99.207 - - [26/Aug/2014:07:07:21 -0600] "GET /61db66/images/map-icons/general_store.png HTTP/1.1" 200 891 "-" "Mozilla/5.0 (compatible; YandexImages/3.0; +http://yandex.com/bots)"
144.76.95.231 - - [26/Aug/2014:07:07:22 -0600] "GET /region/1953/filter HTTP/1.0" 200 11799 "-" "Mozilla/5.0 (compatible; MJ12bot/v1.4.5; http://www.majestic12.co.uk/bot.php?+)"
37.228.106.99 - - [26/Aug/2014:07:07:22 -0600] "GET /images/favicon.ico HTTP/1.1" 200 1022 "-" "Opera/9.80 (Android; Opera Mini/7.5.33725/35.3997; U; en) Presto/2.8.119 Version/11.10"
37.228.106.99 - - [26/Aug/2014:07:07:23 -0600] "GET /site/recent.rss HTTP/1.1" 200 20227 "-" "Mozilla/4.0 (Windows 98; US) Opera 10.00 [en]"
157.55.39.70 - - [26/Aug/2014:07:07:24 -0600] "GET /user/2924 HTTP/1.1" 200 3110 "-" "Mozilla/5.0 (compatible; bingbot/2.0; +http://www.bing.com/bingbot.htm)"